cn4185:53400:54106 [0] NCCL INFO AllReduce: opCount ac sendbuff 0x4209520000 recvbuff 0x4209520000 count 6073443 datatype 7 op 0 root 0 comm 0x2aab48001c20 [nranks=4] stream 0x5555582cf2e0
cn4185:53400:54106 [0] NCCL INFO AllReduce: opCount ad sendbuff 0x4202b20000 recvbuff 0x4202b20000 count 1077824 datatype 7 op 0 root 0 comm 0x2aab48001c20 [nranks=4] stream 0x5555582cf2e0
cn4183:8929:9624 [1] NCCL INFO AllReduce: opCount ac sendbuff 0x4209de0000 recvbuff 0x4209de0000 count 6073443 datatype 7 op 0 root 0 comm 0x2aab48001c20 [nranks=4] stream 0x5555582cf680
cn4183:8929:9624 [1] NCCL INFO AllReduce: opCount ad sendbuff 0x4202b20000 recvbuff 0x4202b20000 count 1077824 datatype 7 op 0 root 0 comm 0x2aab48001c20 [nranks=4] stream 0x5555582cf680
cn4185:53401:54110 [1] NCCL INFO AllReduce: opCount ac sendbuff 0x4209de0000 recvbuff 0x4209de0000 count 6073443 datatype 7 op 0 root 0 comm 0x2aab48001c20 [nranks=4] stream 0x5555582cf540
cn4185:53401:54110 [1] NCCL INFO AllReduce: opCount ad sendbuff 0x4202b20000 recvbuff 0x4202b20000 count 1077824 datatype 7 op 0 root 0 comm 0x2aab48001c20 [nranks=4] stream 0x5555582cf540
Epoch 0:  17%|█▋        | 84/500 [09:50<48:45,  7.03s/it, loss=0.506, v_num=62, loss_step=0.472]Epoch 0:  17%|█▋        | 84/500 [09:50<48:45,  7.03s/it, loss=0.518, v_num=62, loss_step=0.639]cn4183:8928:9620 [0] NCCL INFO AllReduce: opCount ae sendbuff 0x4209520000 recvbuff 0x4209520000 count 6073443 datatype 7 op 0 root 0 comm 0x2aab4c001c20 [nranks=4] stream 0x5555582b94f0
cn4183:8928:9620 [0] NCCL INFO AllReduce: opCount af sendbuff 0x4202b20000 recvbuff 0x4202b20000 count 1077824 datatype 7 op 0 root 0 comm 0x2aab4c001c20 [nranks=4] stream 0x5555582b94f0
cn4185:53400:54106 [0] NCCL INFO AllReduce: opCount ae sendbuff 0x4209520000 recvbuff 0x4209520000 count 6073443 datatype 7 op 0 root 0 comm 0x2aab48001c20 [nranks=4] stream 0x5555582cf2e0
cn4185:53400:54106 [0] NCCL INFO AllReduce: opCount af sendbuff 0x4202b20000 recvbuff 0x4202b20000 count 1077824 datatype 7 op 0 root 0 comm 0x2aab48001c20 [nranks=4] stream 0x5555582cf2e0
cn4183:8929:9624 [1] NCCL INFO AllReduce: opCount ae sendbuff 0x4209de0000 recvbuff 0x4209de0000 count 6073443 datatype 7 op 0 root 0 comm 0x2aab48001c20 [nranks=4] stream 0x5555582cf680
cn4183:8929:9624 [1] NCCL INFO AllReduce: opCount af sendbuff 0x4202b20000 recvbuff 0x4202b20000 count 1077824 datatype 7 op 0 root 0 comm 0x2aab48001c20 [nranks=4] stream 0x5555582cf680
cn4185:53401:54110 [1] NCCL INFO AllReduce: opCount ae sendbuff 0x4209de0000 recvbuff 0x4209de0000 count 6073443 datatype 7 op 0 root 0 comm 0x2aab48001c20 [nranks=4] stream 0x5555582cf540
cn4185:53401:54110 [1] NCCL INFO AllReduce: opCount af sendbuff 0x4202b20000 recvbuff 0x4202b20000 count 1077824 datatype 7 op 0 root 0 comm 0x2aab48001c20 [nranks=4] stream 0x5555582cf540
Epoch 0:  17%|█▋        | 85/500 [09:57<48:38,  7.03s/it, loss=0.518, v_num=62, loss_step=0.639]Epoch 0:  17%|█▋        | 85/500 [09:57<48:38,  7.03s/it, loss=0.513, v_num=62, loss_step=0.585]cn4183:8928:9620 [0] NCCL INFO AllReduce: opCount b0 sendbuff 0x4209520000 recvbuff 0x4209520000 count 6073443 datatype 7 op 0 root 0 comm 0x2aab4c001c20 [nranks=4] stream 0x5555582b94f0
cn4183:8928:9620 [0] NCCL INFO AllReduce: opCount b1 sendbuff 0x4202b20000 recvbuff 0x4202b20000 count 1077824 datatype 7 op 0 root 0 comm 0x2aab4c001c20 [nranks=4] stream 0x5555582b94f0
cn4185:53400:54106 [0] NCCL INFO AllReduce: opCount b0 sendbuff 0x4209520000 recvbuff 0x4209520000 count 6073443 datatype 7 op 0 root 0 comm 0x2aab48001c20 [nranks=4] stream 0x5555582cf2e0
cn4185:53400:54106 [0] NCCL INFO AllReduce: opCount b1 sendbuff 0x4202b20000 recvbuff 0x4202b20000 count 1077824 datatype 7 op 0 root 0 comm 0x2aab48001c20 [nranks=4] stream 0x5555582cf2e0
cn4183:8929:9624 [1] NCCL INFO AllReduce: opCount b0 sendbuff 0x4209de0000 recvbuff 0x4209de0000 count 6073443 datatype 7 op 0 root 0 comm 0x2aab48001c20 [nranks=4] stream 0x5555582cf680
cn4183:8929:9624 [1] NCCL INFO AllReduce: opCount b1 sendbuff 0x4202b20000 recvbuff 0x4202b20000 count 1077824 datatype 7 op 0 root 0 comm 0x2aab48001c20 [nranks=4] stream 0x5555582cf680
cn4185:53401:54110 [1] NCCL INFO AllReduce: opCount b0 sendbuff 0x4209de0000 recvbuff 0x4209de0000 count 6073443 datatype 7 op 0 root 0 comm 0x2aab48001c20 [nranks=4] stream 0x5555582cf540
cn4185:53401:54110 [1] NCCL INFO AllReduce: opCount b1 sendbuff 0x4202b20000 recvbuff 0x4202b20000 count 1077824 datatype 7 op 0 root 0 comm 0x2aab48001c20 [nranks=4] stream 0x5555582cf540
Epoch 0:  17%|█▋        | 86/500 [10:04<48:31,  7.03s/it, loss=0.513, v_num=62, loss_step=0.585]Epoch 0:  17%|█▋        | 86/500 [10:04<48:31,  7.03s/it, loss=0.515, v_num=62, loss_step=0.432]cn4183:8928:9620 [0] NCCL INFO AllReduce: opCount b2 sendbuff 0x4209520000 recvbuff 0x4209520000 count 6073443 datatype 7 op 0 root 0 comm 0x2aab4c001c20 [nranks=4] stream 0x5555582b94f0
cn4183:8928:9620 [0] NCCL INFO AllReduce: opCount b3 sendbuff 0x4202b20000 recvbuff 0x4202b20000 count 1077824 datatype 7 op 0 root 0 comm 0x2aab4c001c20 [nranks=4] stream 0x5555582b94f0
cn4185:53400:54106 [0] NCCL INFO AllReduce: opCount b2 sendbuff 0x4209520000 recvbuff 0x4209520000 count 6073443 datatype 7 op 0 root 0 comm 0x2aab48001c20 [nranks=4] stream 0x5555582cf2e0
cn4185:53400:54106 [0] NCCL INFO AllReduce: opCount b3 sendbuff 0x4202b20000 recvbuff 0x4202b20000 count 1077824 datatype 7 op 0 root 0 comm 0x2aab48001c20 [nranks=4] stream 0x5555582cf2e0
cn4183:8929:9624 [1] NCCL INFO AllReduce: opCount b2 sendbuff 0x4209de0000 recvbuff 0x4209de0000 count 6073443 datatype 7 op 0 root 0 comm 0x2aab48001c20 [nranks=4] stream 0x5555582cf680
cn4183:8929:9624 [1] NCCL INFO AllReduce: opCount b3 sendbuff 0x4202b20000 recvbuff 0x4202b20000 count 1077824 datatype 7 op 0 root 0 comm 0x2aab48001c20 [nranks=4] stream 0x5555582cf680
cn4185:53401:54110 [1] NCCL INFO AllReduce: opCount b2 sendbuff 0x4209de0000 recvbuff 0x4209de0000 count 6073443 datatype 7 op 0 root 0 comm 0x2aab48001c20 [nranks=4] stream 0x5555582cf540
cn4185:53401:54110 [1] NCCL INFO AllReduce: opCount b3 sendbuff 0x4202b20000 recvbuff 0x4202b20000 count 1077824 datatype 7 op 0 root 0 comm 0x2aab48001c20 [nranks=4] stream 0x5555582cf540
Epoch 0:  17%|█▋        | 87/500 [10:11<48:24,  7.03s/it, loss=0.515, v_num=62, loss_step=0.432]Epoch 0:  17%|█▋        | 87/500 [10:11<48:24,  7.03s/it, loss=0.518, v_num=62, loss_step=0.602]cn4183:8928:9620 [0] NCCL INFO AllReduce: opCount b4 sendbuff 0x4209520000 recvbuff 0x4209520000 count 6073443 datatype 7 op 0 root 0 comm 0x2aab4c001c20 [nranks=4] stream 0x5555582b94f0
cn4183:8928:9620 [0] NCCL INFO AllReduce: opCount b5 sendbuff 0x4202b20000 recvbuff 0x4202b20000 count 1077824 datatype 7 op 0 root 0 comm 0x2aab4c001c20 [nranks=4] stream 0x5555582b94f0
cn4185:53400:54106 [0] NCCL INFO AllReduce: opCount b4 sendbuff 0x4209520000 recvbuff 0x4209520000 count 6073443 datatype 7 op 0 root 0 comm 0x2aab48001c20 [nranks=4] stream 0x5555582cf2e0
cn4185:53400:54106 [0] NCCL INFO AllReduce: opCount b5 sendbuff 0x4202b20000 recvbuff 0x4202b20000 count 1077824 datatype 7 op 0 root 0 comm 0x2aab48001c20 [nranks=4] stream 0x5555582cf2e0
cn4183:8929:9624 [1] NCCL INFO AllReduce: opCount b4 sendbuff 0x4209de0000 recvbuff 0x4209de0000 count 6073443 datatype 7 op 0 root 0 comm 0x2aab48001c20 [nranks=4] stream 0x5555582cf680
cn4183:8929:9624 [1] NCCL INFO AllReduce: opCount b5 sendbuff 0x4202b20000 recvbuff 0x4202b20000 count 1077824 datatype 7 op 0 root 0 comm 0x2aab48001c20 [nranks=4] stream 0x5555582cf680
cn4185:53401:54110 [1] NCCL INFO AllReduce: opCount b4 sendbuff 0x4209de0000 recvbuff 0x4209de0000 count 6073443 datatype 7 op 0 root 0 comm 0x2aab48001c20 [nranks=4] stream 0x5555582cf540
cn4185:53401:54110 [1] NCCL INFO AllReduce: opCount b5 sendbuff 0x4202b20000 recvbuff 0x4202b20000 count 1077824 datatype 7 op 0 root 0 comm 0x2aab48001c20 [nranks=4] stream 0x5555582cf540
Epoch 0:  18%|█▊        | 88/500 [10:18<48:17,  7.03s/it, loss=0.518, v_num=62, loss_step=0.602]Epoch 0:  18%|█▊        | 88/500 [10:18<48:17,  7.03s/it, loss=0.522, v_num=62, loss_step=0.522]cn4183:8928:9620 [0] NCCL INFO AllReduce: opCount b6 sendbuff 0x4209520000 recvbuff 0x4209520000 count 6073443 datatype 7 op 0 root 0 comm 0x2aab4c001c20 [nranks=4] stream 0x5555582b94f0
cn4183:8928:9620 [0] NCCL INFO AllReduce: opCount b7 sendbuff 0x4202b20000 recvbuff 0x4202b20000 count 1077824 datatype 7 op 0 root 0 comm 0x2aab4c001c20 [nranks=4] stream 0x5555582b94f0
cn4185:53400:54106 [0] NCCL INFO AllReduce: opCount b6 sendbuff 0x4209520000 recvbuff 0x4209520000 count 6073443 datatype 7 op 0 root 0 comm 0x2aab48001c20 [nranks=4] stream 0x5555582cf2e0
cn4185:53400:54106 [0] NCCL INFO AllReduce: opCount b7 sendbuff 0x4202b20000 recvbuff 0x4202b20000 count 1077824 datatype 7 op 0 root 0 comm 0x2aab48001c20 [nranks=4] stream 0x5555582cf2e0
cn4183:8929:9624 [1] NCCL INFO AllReduce: opCount b6 sendbuff 0x4209de0000 recvbuff 0x4209de0000 count 6073443 datatype 7 op 0 root 0 comm 0x2aab48001c20 [nranks=4] stream 0x5555582cf680
cn4183:8929:9624 [1] NCCL INFO AllReduce: opCount b7 sendbuff 0x4202b20000 recvbuff 0x4202b20000 count 1077824 datatype 7 op 0 root 0 comm 0x2aab48001c20 [nranks=4] stream 0x5555582cf680
cn4185:53401:54110 [1] NCCL INFO AllReduce: opCount b6 sendbuff 0x4209de0000 recvbuff 0x4209de0000 count 6073443 datatype 7 op 0 root 0 comm 0x2aab48001c20 [nranks=4] stream 0x5555582cf540
cn4185:53401:54110 [1] NCCL INFO AllReduce: opCount b7 sendbuff 0x4202b20000 recvbuff 0x4202b20000 count 1077824 datatype 7 op 0 root 0 comm 0x2aab48001c20 [nranks=4] stream 0x5555582cf540
Epoch 0:  18%|█▊        | 89/500 [10:25<48:09,  7.03s/it, loss=0.522, v_num=62, loss_step=0.522]Epoch 0:  18%|█▊        | 89/500 [10:25<48:09,  7.03s/it, loss=0.534, v_num=62, loss_step=0.592]cn4183:8928:9620 [0] NCCL INFO AllReduce: opCount b8 sendbuff 0x4209520000 recvbuff 0x4209520000 count 6073443 datatype 7 op 0 root 0 comm 0x2aab4c001c20 [nranks=4] stream 0x5555582b94f0
cn4183:8928:9620 [0] NCCL INFO AllReduce: opCount b9 sendbuff 0x4202b20000 recvbuff 0x4202b20000 count 1077824 datatype 7 op 0 root 0 comm 0x2aab4c001c20 [nranks=4] stream 0x5555582b94f0
cn4185:53400:54106 [0] NCCL INFO AllReduce: opCount b8 sendbuff 0x4209520000 recvbuff 0x4209520000 count 6073443 datatype 7 op 0 root 0 comm 0x2aab48001c20 [nranks=4] stream 0x5555582cf2e0
cn4185:53400:54106 [0] NCCL INFO AllReduce: opCount b9 sendbuff 0x4202b20000 recvbuff 0x4202b20000 count 1077824 datatype 7 op 0 root 0 comm 0x2aab48001c20 [nranks=4] stream 0x5555582cf2e0
cn4183:8929:9624 [1] NCCL INFO AllReduce: opCount b8 sendbuff 0x4209de0000 recvbuff 0x4209de0000 count 6073443 datatype 7 op 0 root 0 comm 0x2aab48001c20 [nranks=4] stream 0x5555582cf680
cn4183:8929:9624 [1] NCCL INFO AllReduce: opCount b9 sendbuff 0x4202b20000 recvbuff 0x4202b20000 count 1077824 datatype 7 op 0 root 0 comm 0x2aab48001c20 [nranks=4] stream 0x5555582cf680
cn4185:53401:54110 [1] NCCL INFO AllReduce: opCount b8 sendbuff 0x4209de0000 recvbuff 0x4209de0000 count 6073443 datatype 7 op 0 root 0 comm 0x2aab48001c20 [nranks=4] stream 0x5555582cf540
cn4185:53401:54110 [1] NCCL INFO AllReduce: opCount b9 sendbuff 0x4202b20000 recvbuff 0x4202b20000 count 1077824 datatype 7 op 0 root 0 comm 0x2aab48001c20 [nranks=4] stream 0x5555582cf540
Epoch 0:  18%|█▊        | 90/500 [10:32<48:02,  7.03s/it, loss=0.534, v_num=62, loss_step=0.592]Epoch 0:  18%|█▊        | 90/500 [10:32<48:02,  7.03s/it, loss=0.534, v_num=62, loss_step=0.6]  cn4183:8928:9620 [0] NCCL INFO AllReduce: opCount ba sendbuff 0x4209520000 recvbuff 0x4209520000 count 6073443 datatype 7 op 0 root 0 comm 0x2aab4c001c20 [nranks=4] stream 0x5555582b94f0
cn4183:8928:9620 [0] NCCL INFO AllReduce: opCount bb sendbuff 0x4202b20000 recvbuff 0x4202b20000 count 1077824 datatype 7 op 0 root 0 comm 0x2aab4c001c20 [nranks=4] stream 0x5555582b94f0
cn4185:53400:54106 [0] NCCL INFO AllReduce: opCount ba sendbuff 0x4209520000 recvbuff 0x4209520000 count 6073443 datatype 7 op 0 root 0 comm 0x2aab48001c20 [nranks=4] stream 0x5555582cf2e0
cn4185:53400:54106 [0] NCCL INFO AllReduce: opCount bb sendbuff 0x4202b20000 recvbuff 0x4202b20000 count 1077824 datatype 7 op 0 root 0 comm 0x2aab48001c20 [nranks=4] stream 0x5555582cf2e0
cn4183:8929:9624 [1] NCCL INFO AllReduce: opCount ba sendbuff 0x4209de0000 recvbuff 0x4209de0000 count 6073443 datatype 7 op 0 root 0 comm 0x2aab48001c20 [nranks=4] stream 0x5555582cf680
cn4183:8929:9624 [1] NCCL INFO AllReduce: opCount bb sendbuff 0x4202b20000 recvbuff 0x4202b20000 count 1077824 datatype 7 op 0 root 0 comm 0x2aab48001c20 [nranks=4] stream 0x5555582cf680
cn4185:53401:54110 [1] NCCL INFO AllReduce: opCount ba sendbuff 0x4209de0000 recvbuff 0x4209de0000 count 6073443 datatype 7 op 0 root 0 comm 0x2aab48001c20 [nranks=4] stream 0x5555582cf540
cn4185:53401:54110 [1] NCCL INFO AllReduce: opCount bb sendbuff 0x4202b20000 recvbuff 0x4202b20000 count 1077824 datatype 7 op 0 root 0 comm 0x2aab48001c20 [nranks=4] stream 0x5555582cf540
Epoch 0:  18%|█▊        | 91/500 [10:39<47:55,  7.03s/it, loss=0.534, v_num=62, loss_step=0.6]Epoch 0:  18%|█▊        | 91/500 [10:39<47:55,  7.03s/it, loss=0.533, v_num=62, loss_step=0.563]cn4183:8928:9620 [0] NCCL INFO AllReduce: opCount bc sendbuff 0x4209520000 recvbuff 0x4209520000 count 6073443 datatype 7 op 0 root 0 comm 0x2aab4c001c20 [nranks=4] stream 0x5555582b94f0
cn4183:8928:9620 [0] NCCL INFO AllReduce: opCount bd sendbuff 0x4202b20000 recvbuff 0x4202b20000 count 1077824 datatype 7 op 0 root 0 comm 0x2aab4c001c20 [nranks=4] stream 0x5555582b94f0
cn4185:53400:54106 [0] NCCL INFO AllReduce: opCount bc sendbuff 0x4209520000 recvbuff 0x4209520000 count 6073443 datatype 7 op 0 root 0 comm 0x2aab48001c20 [nranks=4] stream 0x5555582cf2e0
cn4185:53400:54106 [0] NCCL INFO AllReduce: opCount bd sendbuff 0x4202b20000 recvbuff 0x4202b20000 count 1077824 datatype 7 op 0 root 0 comm 0x2aab48001c20 [nranks=4] stream 0x5555582cf2e0
cn4183:8929:9624 [1] NCCL INFO AllReduce: opCount bc sendbuff 0x4209de0000 recvbuff 0x4209de0000 count 6073443 datatype 7 op 0 root 0 comm 0x2aab48001c20 [nranks=4] stream 0x5555582cf680
cn4183:8929:9624 [1] NCCL INFO AllReduce: opCount bd sendbuff 0x4202b20000 recvbuff 0x4202b20000 count 1077824 datatype 7 op 0 root 0 comm 0x2aab48001c20 [nranks=4] stream 0x5555582cf680
cn4185:53401:54110 [1] NCCL INFO AllReduce: opCount bc sendbuff 0x4209de0000 recvbuff 0x4209de0000 count 6073443 datatype 7 op 0 root 0 comm 0x2aab48001c20 [nranks=4] stream 0x5555582cf540
cn4185:53401:54110 [1] NCCL INFO AllReduce: opCount bd sendbuff 0x4202b20000 recvbuff 0x4202b20000 count 1077824 datatype 7 op 0 root 0 comm 0x2aab48001c20 [nranks=4] stream 0x5555582cf540
Epoch 0:  18%|█▊        | 92/500 [10:46<47:48,  7.03s/it, loss=0.533, v_num=62, loss_step=0.563]Epoch 0:  18%|█▊        | 92/500 [10:46<47:48,  7.03s/it, loss=0.535, v_num=62, loss_step=0.464]cn4183:8928:9620 [0] NCCL INFO AllReduce: opCount be sendbuff 0x4209520000 recvbuff 0x4209520000 count 6073443 datatype 7 op 0 root 0 comm 0x2aab4c001c20 [nranks=4] stream 0x5555582b94f0
cn4183:8928:9620 [0] NCCL INFO AllReduce: opCount bf sendbuff 0x4202b20000 recvbuff 0x4202b20000 count 1077824 datatype 7 op 0 root 0 comm 0x2aab4c001c20 [nranks=4] stream 0x5555582b94f0
cn4185:53400:54106 [0] NCCL INFO AllReduce: opCount be sendbuff 0x4209520000 recvbuff 0x4209520000 count 6073443 datatype 7 op 0 root 0 comm 0x2aab48001c20 [nranks=4] stream 0x5555582cf2e0
cn4185:53400:54106 [0] NCCL INFO AllReduce: opCount bf sendbuff 0x4202b20000 recvbuff 0x4202b20000 count 1077824 datatype 7 op 0 root 0 comm 0x2aab48001c20 [nranks=4] stream 0x5555582cf2e0
cn4183:8929:9624 [1] NCCL INFO AllReduce: opCount be sendbuff 0x4209de0000 recvbuff 0x4209de0000 count 6073443 datatype 7 op 0 root 0 comm 0x2aab48001c20 [nranks=4] stream 0x5555582cf680
cn4183:8929:9624 [1] NCCL INFO AllReduce: opCount bf sendbuff 0x4202b20000 recvbuff 0x4202b20000 count 1077824 datatype 7 op 0 root 0 comm 0x2aab48001c20 [nranks=4] stream 0x5555582cf680
cn4185:53401:54110 [1] NCCL INFO AllReduce: opCount be sendbuff 0x4209de0000 recvbuff 0x4209de0000 count 6073443 datatype 7 op 0 root 0 comm 0x2aab48001c20 [nranks=4] stream 0x5555582cf540
cn4185:53401:54110 [1] NCCL INFO AllReduce: opCount bf sendbuff 0x4202b20000 recvbuff 0x4202b20000 count 1077824 datatype 7 op 0 root 0 comm 0x2aab48001c20 [nranks=4] stream 0x5555582cf540
Epoch 0:  19%|█▊        | 93/500 [10:53<47:41,  7.03s/it, loss=0.535, v_num=62, loss_step=0.464]Epoch 0:  19%|█▊        | 93/500 [10:53<47:41,  7.03s/it, loss=0.537, v_num=62, loss_step=0.523]cn4183:8928:9620 [0] NCCL INFO AllReduce: opCount c0 sendbuff 0x4209520000 recvbuff 0x4209520000 count 6073443 datatype 7 op 0 root 0 comm 0x2aab4c001c20 [nranks=4] stream 0x5555582b94f0
cn4183:8928:9620 [0] NCCL INFO AllReduce: opCount c1 sendbuff 0x4202b20000 recvbuff 0x4202b20000 count 1077824 datatype 7 op 0 root 0 comm 0x2aab4c001c20 [nranks=4] stream 0x5555582b94f0
cn4185:53400:54106 [0] NCCL INFO AllReduce: opCount c0 sendbuff 0x4209520000 recvbuff 0x4209520000 count 6073443 datatype 7 op 0 root 0 comm 0x2aab48001c20 [nranks=4] stream 0x5555582cf2e0
cn4185:53400:54106 [0] NCCL INFO AllReduce: opCount c1 sendbuff 0x4202b20000 recvbuff 0x4202b20000 count 1077824 datatype 7 op 0 root 0 comm 0x2aab48001c20 [nranks=4] stream 0x5555582cf2e0
cn4183:8929:9624 [1] NCCL INFO AllReduce: opCount c0 sendbuff 0x4209de0000 recvbuff 0x4209de0000 count 6073443 datatype 7 op 0 root 0 comm 0x2aab48001c20 [nranks=4] stream 0x5555582cf680
cn4183:8929:9624 [1] NCCL INFO AllReduce: opCount c1 sendbuff 0x4202b20000 recvbuff 0x4202b20000 count 1077824 datatype 7 op 0 root 0 comm 0x2aab48001c20 [nranks=4] stream 0x5555582cf680
cn4185:53401:54110 [1] NCCL INFO AllReduce: opCount c0 sendbuff 0x4209de0000 recvbuff 0x4209de0000 count 6073443 datatype 7 op 0 root 0 comm 0x2aab48001c20 [nranks=4] stream 0x5555582cf540
cn4185:53401:54110 [1] NCCL INFO AllReduce: opCount c1 sendbuff 0x4202b20000 recvbuff 0x4202b20000 count 1077824 datatype 7 op 0 root 0 comm 0x2aab48001c20 [nranks=4] stream 0x5555582cf540
Epoch 0:  19%|█▉        | 94/500 [11:00<47:34,  7.03s/it, loss=0.537, v_num=62, loss_step=0.523]Epoch 0:  19%|█▉        | 94/500 [11:00<47:34,  7.03s/it, loss=0.536, v_num=62, loss_step=0.483]cn4183:8928:9620 [0] NCCL INFO AllReduce: opCount c2 sendbuff 0x4209520000 recvbuff 0x4209520000 count 6073443 datatype 7 op 0 root 0 comm 0x2aab4c001c20 [nranks=4] stream 0x5555582b94f0
cn4183:8928:9620 [0] NCCL INFO AllReduce: opCount c3 sendbuff 0x4202b20000 recvbuff 0x4202b20000 count 1077824 datatype 7 op 0 root 0 comm 0x2aab4c001c20 [nranks=4] stream 0x5555582b94f0
cn4185:53400:54106 [0] NCCL INFO AllReduce: opCount c2 sendbuff 0x4209520000 recvbuff 0x4209520000 count 6073443 datatype 7 op 0 root 0 comm 0x2aab48001c20 [nranks=4] stream 0x5555582cf2e0
cn4185:53400:54106 [0] NCCL INFO AllReduce: opCount c3 sendbuff 0x4202b20000 recvbuff 0x4202b20000 count 1077824 datatype 7 op 0 root 0 comm 0x2aab48001c20 [nranks=4] stream 0x5555582cf2e0
cn4183:8929:9624 [1] NCCL INFO AllReduce: opCount c2 sendbuff 0x4209de0000 recvbuff 0x4209de0000 count 6073443 datatype 7 op 0 root 0 comm 0x2aab48001c20 [nranks=4] stream 0x5555582cf680
cn4183:8929:9624 [1] NCCL INFO AllReduce: opCount c3 sendbuff 0x4202b20000 recvbuff 0x4202b20000 count 1077824 datatype 7 op 0 root 0 comm 0x2aab48001c20 [nranks=4] stream 0x5555582cf680
cn4185:53401:54110 [1] NCCL INFO AllReduce: opCount c2 sendbuff 0x4209de0000 recvbuff 0x4209de0000 count 6073443 datatype 7 op 0 root 0 comm 0x2aab48001c20 [nranks=4] stream 0x5555582cf540
cn4185:53401:54110 [1] NCCL INFO AllReduce: opCount c3 sendbuff 0x4202b20000 recvbuff 0x4202b20000 count 1077824 datatype 7 op 0 root 0 comm 0x2aab48001c20 [nranks=4] stream 0x5555582cf540
Epoch 0:  19%|█▉        | 95/500 [11:07<47:26,  7.03s/it, loss=0.536, v_num=62, loss_step=0.483]Epoch 0:  19%|█▉        | 95/500 [11:07<47:26,  7.03s/it, loss=0.526, v_num=62, loss_step=0.535]cn4183:8928:9620 [0] NCCL INFO AllReduce: opCount c4 sendbuff 0x4209520000 recvbuff 0x4209520000 count 6073443 datatype 7 op 0 root 0 comm 0x2aab4c001c20 [nranks=4] stream 0x5555582b94f0
cn4183:8928:9620 [0] NCCL INFO AllReduce: opCount c5 sendbuff 0x4202b20000 recvbuff 0x4202b20000 count 1077824 datatype 7 op 0 root 0 comm 0x2aab4c001c20 [nranks=4] stream 0x5555582b94f0
cn4185:53400:54106 [0] NCCL INFO AllReduce: opCount c4 sendbuff 0x4209520000 recvbuff 0x4209520000 count 6073443 datatype 7 op 0 root 0 comm 0x2aab48001c20 [nranks=4] stream 0x5555582cf2e0
cn4185:53400:54106 [0] NCCL INFO AllReduce: opCount c5 sendbuff 0x4202b20000 recvbuff 0x4202b20000 count 1077824 datatype 7 op 0 root 0 comm 0x2aab48001c20 [nranks=4] stream 0x5555582cf2e0
cn4183:8929:9624 [1] NCCL INFO AllReduce: opCount c4 sendbuff 0x4209de0000 recvbuff 0x4209de0000 count 6073443 datatype 7 op 0 root 0 comm 0x2aab48001c20 [nranks=4] stream 0x5555582cf680
cn4183:8929:9624 [1] NCCL INFO AllReduce: opCount c5 sendbuff 0x4202b20000 recvbuff 0x4202b20000 count 1077824 datatype 7 op 0 root 0 comm 0x2aab48001c20 [nranks=4] stream 0x5555582cf680
cn4185:53401:54110 [1] NCCL INFO AllReduce: opCount c4 sendbuff 0x4209de0000 recvbuff 0x4209de0000 count 6073443 datatype 7 op 0 root 0 comm 0x2aab48001c20 [nranks=4] stream 0x5555582cf540
cn4185:53401:54110 [1] NCCL INFO AllReduce: opCount c5 sendbuff 0x4202b20000 recvbuff 0x4202b20000 count 1077824 datatype 7 op 0 root 0 comm 0x2aab48001c20 [nranks=4] stream 0x5555582cf540
Epoch 0:  19%|█▉        | 96/500 [11:14<47:19,  7.03s/it, loss=0.526, v_num=62, loss_step=0.535]Epoch 0:  19%|█▉        | 96/500 [11:14<47:19,  7.03s/it, loss=0.524, v_num=62, loss_step=0.434]cn4183:8928:9620 [0] NCCL INFO AllReduce: opCount c6 sendbuff 0x4209520000 recvbuff 0x4209520000 count 6073443 datatype 7 op 0 root 0 comm 0x2aab4c001c20 [nranks=4] stream 0x5555582b94f0
cn4183:8928:9620 [0] NCCL INFO AllReduce: opCount c7 sendbuff 0x4202b20000 recvbuff 0x4202b20000 count 1077824 datatype 7 op 0 root 0 comm 0x2aab4c001c20 [nranks=4] stream 0x5555582b94f0
cn4185:53400:54106 [0] NCCL INFO AllReduce: opCount c6 sendbuff 0x4209520000 recvbuff 0x4209520000 count 6073443 datatype 7 op 0 root 0 comm 0x2aab48001c20 [nranks=4] stream 0x5555582cf2e0
cn4185:53400:54106 [0] NCCL INFO AllReduce: opCount c7 sendbuff 0x4202b20000 recvbuff 0x4202b20000 count 1077824 datatype 7 op 0 root 0 comm 0x2aab48001c20 [nranks=4] stream 0x5555582cf2e0
cn4183:8929:9624 [1] NCCL INFO AllReduce: opCount c6 sendbuff 0x4209de0000 recvbuff 0x4209de0000 count 6073443 datatype 7 op 0 root 0 comm 0x2aab48001c20 [nranks=4] stream 0x5555582cf680
cn4183:8929:9624 [1] NCCL INFO AllReduce: opCount c7 sendbuff 0x4202b20000 recvbuff 0x4202b20000 count 1077824 datatype 7 op 0 root 0 comm 0x2aab48001c20 [nranks=4] stream 0x5555582cf680
cn4185:53401:54110 [1] NCCL INFO AllReduce: opCount c6 sendbuff 0x4209de0000 recvbuff 0x4209de0000 count 6073443 datatype 7 op 0 root 0 comm 0x2aab48001c20 [nranks=4] stream 0x5555582cf540
cn4185:53401:54110 [1] NCCL INFO AllReduce: opCount c7 sendbuff 0x4202b20000 recvbuff 0x4202b20000 count 1077824 datatype 7 op 0 root 0 comm 0x2aab48001c20 [nranks=4] stream 0x5555582cf540
Epoch 0:  19%|█▉        | 97/500 [11:21<47:12,  7.03s/it, loss=0.524, v_num=62, loss_step=0.434]Epoch 0:  19%|█▉        | 97/500 [11:21<47:12,  7.03s/it, loss=0.525, v_num=62, loss_step=0.445]cn4183:8928:9620 [0] NCCL INFO AllReduce: opCount c8 sendbuff 0x4209520000 recvbuff 0x4209520000 count 6073443 datatype 7 op 0 root 0 comm 0x2aab4c001c20 [nranks=4] stream 0x5555582b94f0
cn4183:8928:9620 [0] NCCL INFO AllReduce: opCount c9 sendbuff 0x4202b20000 recvbuff 0x4202b20000 count 1077824 datatype 7 op 0 root 0 comm 0x2aab4c001c20 [nranks=4] stream 0x5555582b94f0
cn4185:53400:54106 [0] NCCL INFO AllReduce: opCount c8 sendbuff 0x4209520000 recvbuff 0x4209520000 count 6073443 datatype 7 op 0 root 0 comm 0x2aab48001c20 [nranks=4] stream 0x5555582cf2e0
cn4185:53400:54106 [0] NCCL INFO AllReduce: opCount c9 sendbuff 0x4202b20000 recvbuff 0x4202b20000 count 1077824 datatype 7 op 0 root 0 comm 0x2aab48001c20 [nranks=4] stream 0x5555582cf2e0
cn4183:8929:9624 [1] NCCL INFO AllReduce: opCount c8 sendbuff 0x4209de0000 recvbuff 0x4209de0000 count 6073443 datatype 7 op 0 root 0 comm 0x2aab48001c20 [nranks=4] stream 0x5555582cf680
cn4183:8929:9624 [1] NCCL INFO AllReduce: opCount c9 sendbuff 0x4202b20000 recvbuff 0x4202b20000 count 1077824 datatype 7 op 0 root 0 comm 0x2aab48001c20 [nranks=4] stream 0x5555582cf680
cn4185:53401:54110 [1] NCCL INFO AllReduce: opCount c8 sendbuff 0x4209de0000 recvbuff 0x4209de0000 count 6073443 datatype 7 op 0 root 0 comm 0x2aab48001c20 [nranks=4] stream 0x5555582cf540
cn4185:53401:54110 [1] NCCL INFO AllReduce: opCount c9 sendbuff 0x4202b20000 recvbuff 0x4202b20000 count 1077824 datatype 7 op 0 root 0 comm 0x2aab48001c20 [nranks=4] stream 0x5555582cf540
Epoch 0:  20%|█▉        | 98/500 [11:28<47:05,  7.03s/it, loss=0.525, v_num=62, loss_step=0.445]Epoch 0:  20%|█▉        | 98/500 [11:28<47:05,  7.03s/it, loss=0.529, v_num=62, loss_step=0.498]cn4183:8928:9620 [0] NCCL INFO AllReduce: opCount ca sendbuff 0x4209520000 recvbuff 0x4209520000 count 6073443 datatype 7 op 0 root 0 comm 0x2aab4c001c20 [nranks=4] stream 0x5555582b94f0
cn4183:8928:9620 [0] NCCL INFO AllReduce: opCount cb sendbuff 0x4202b20000 recvbuff 0x4202b20000 count 1077824 datatype 7 op 0 root 0 comm 0x2aab4c001c20 [nranks=4] stream 0x5555582b94f0
cn4185:53400:54106 [0] NCCL INFO AllReduce: opCount ca sendbuff 0x4209520000 recvbuff 0x4209520000 count 6073443 datatype 7 op 0 root 0 comm 0x2aab48001c20 [nranks=4] stream 0x5555582cf2e0
cn4185:53400:54106 [0] NCCL INFO AllReduce: opCount cb sendbuff 0x4202b20000 recvbuff 0x4202b20000 count 1077824 datatype 7 op 0 root 0 comm 0x2aab48001c20 [nranks=4] stream 0x5555582cf2e0
cn4183:8929:9624 [1] NCCL INFO AllReduce: opCount ca sendbuff 0x4209de0000 recvbuff 0x4209de0000 count 6073443 datatype 7 op 0 root 0 comm 0x2aab48001c20 [nranks=4] stream 0x5555582cf680
cn4183:8929:9624 [1] NCCL INFO AllReduce: opCount cb sendbuff 0x4202b20000 recvbuff 0x4202b20000 count 1077824 datatype 7 op 0 root 0 comm 0x2aab48001c20 [nranks=4] stream 0x5555582cf680
cn4185:53401:54110 [1] NCCL INFO AllReduce: opCount ca sendbuff 0x4209de0000 recvbuff 0x4209de0000 count 6073443 datatype 7 op 0 root 0 comm 0x2aab48001c20 [nranks=4] stream 0x5555582cf540
cn4185:53401:54110 [1] NCCL INFO AllReduce: opCount cb sendbuff 0x4202b20000 recvbuff 0x4202b20000 count 1077824 datatype 7 op 0 root 0 comm 0x2aab48001c20 [nranks=4] stream 0x5555582cf540
Epoch 0:  20%|█▉        | 99/500 [11:35<46:58,  7.03s/it, loss=0.529, v_num=62, loss_step=0.498]Epoch 0:  20%|█▉        | 99/500 [11:35<46:58,  7.03s/it, loss=0.524, v_num=62, loss_step=0.583]cn4183:8928:9620 [0] NCCL INFO AllReduce: opCount cc sendbuff 0x4209520000 recvbuff 0x4209520000 count 6073443 datatype 7 op 0 root 0 comm 0x2aab4c001c20 [nranks=4] stream 0x5555582b94f0
cn4183:8928:9620 [0] NCCL INFO AllReduce: opCount cd sendbuff 0x4202b20000 recvbuff 0x4202b20000 count 1077824 datatype 7 op 0 root 0 comm 0x2aab4c001c20 [nranks=4] stream 0x5555582b94f0
cn4185:53400:54106 [0] NCCL INFO AllReduce: opCount cc sendbuff 0x4209520000 recvbuff 0x4209520000 count 6073443 datatype 7 op 0 root 0 comm 0x2aab48001c20 [nranks=4] stream 0x5555582cf2e0
cn4185:53400:54106 [0] NCCL INFO AllReduce: opCount cd sendbuff 0x4202b20000 recvbuff 0x4202b20000 count 1077824 datatype 7 op 0 root 0 comm 0x2aab48001c20 [nranks=4] stream 0x5555582cf2e0
cn4183:8929:9624 [1] NCCL INFO AllReduce: opCount cc sendbuff 0x4209de0000 recvbuff 0x4209de0000 count 6073443 datatype 7 op 0 root 0 comm 0x2aab48001c20 [nranks=4] stream 0x5555582cf680
cn4183:8929:9624 [1] NCCL INFO AllReduce: opCount cd sendbuff 0x4202b20000 recvbuff 0x4202b20000 count 1077824 datatype 7 op 0 root 0 comm 0x2aab48001c20 [nranks=4] stream 0x5555582cf680
cn4185:53401:54110 [1] NCCL INFO AllReduce: opCount cc sendbuff 0x4209de0000 recvbuff 0x4209de0000 count 6073443 datatype 7 op 0 root 0 comm 0x2aab48001c20 [nranks=4] stream 0x5555582cf540
cn4185:53401:54110 [1] NCCL INFO AllReduce: opCount cd sendbuff 0x4202b20000 recvbuff 0x4202b20000 count 1077824 datatype 7 op 0 root 0 comm 0x2aab48001c20 [nranks=4] stream 0x5555582cf540
Epoch 0:  20%|██        | 100/500 [11:42<46:50,  7.03s/it, loss=0.524, v_num=62, loss_step=0.583]Epoch 0:  20%|██        | 100/500 [11:42<46:50,  7.03s/it, loss=0.523, v_num=62, loss_step=0.473]cn4183:8928:9620 [0] NCCL INFO AllReduce: opCount ce sendbuff 0x4209520000 recvbuff 0x4209520000 count 6073443 datatype 7 op 0 root 0 comm 0x2aab4c001c20 [nranks=4] stream 0x5555582b94f0
cn4183:8928:9620 [0] NCCL INFO AllReduce: opCount cf sendbuff 0x4202b20000 recvbuff 0x4202b20000 count 1077824 datatype 7 op 0 root 0 comm 0x2aab4c001c20 [nranks=4] stream 0x5555582b94f0
cn4185:53400:54106 [0] NCCL INFO AllReduce: opCount ce sendbuff 0x4209520000 recvbuff 0x4209520000 count 6073443 datatype 7 op 0 root 0 comm 0x2aab48001c20 [nranks=4] stream 0x5555582cf2e0
cn4185:53400:54106 [0] NCCL INFO AllReduce: opCount cf sendbuff 0x4202b20000 recvbuff 0x4202b20000 count 1077824 datatype 7 op 0 root 0 comm 0x2aab48001c20 [nranks=4] stream 0x5555582cf2e0
cn4183:8929:9624 [1] NCCL INFO AllReduce: opCount ce sendbuff 0x4209de0000 recvbuff 0x4209de0000 count 6073443 datatype 7 op 0 root 0 comm 0x2aab48001c20 [nranks=4] stream 0x5555582cf680
cn4183:8929:9624 [1] NCCL INFO AllReduce: opCount cf sendbuff 0x4202b20000 recvbuff 0x4202b20000 count 1077824 datatype 7 op 0 root 0 comm 0x2aab48001c20 [nranks=4] stream 0x5555582cf680
cn4185:53401:54110 [1] NCCL INFO AllReduce: opCount ce sendbuff 0x4209de0000 recvbuff 0x4209de0000 count 6073443 datatype 7 op 0 root 0 comm 0x2aab48001c20 [nranks=4] stream 0x5555582cf540
cn4185:53401:54110 [1] NCCL INFO AllReduce: opCount cf sendbuff 0x4202b20000 recvbuff 0x4202b20000 count 1077824 datatype 7 op 0 root 0 comm 0x2aab48001c20 [nranks=4] stream 0x5555582cf540
Epoch 0:  20%|██        | 101/500 [11:49<46:43,  7.03s/it, loss=0.523, v_num=62, loss_step=0.473]Epoch 0:  20%|██        | 101/500 [11:49<46:43,  7.03s/it, loss=0.521, v_num=62, loss_step=0.478]cn4183:8928:9620 [0] NCCL INFO AllReduce: opCount d0 sendbuff 0x4209520000 recvbuff 0x4209520000 count 6073443 datatype 7 op 0 root 0 comm 0x2aab4c001c20 [nranks=4] stream 0x5555582b94f0
cn4183:8928:9620 [0] NCCL INFO AllReduce: opCount d1 sendbuff 0x4202b20000 recvbuff 0x4202b20000 count 1077824 datatype 7 op 0 root 0 comm 0x2aab4c001c20 [nranks=4] stream 0x5555582b94f0
cn4185:53400:54106 [0] NCCL INFO AllReduce: opCount d0 sendbuff 0x4209520000 recvbuff 0x4209520000 count 6073443 datatype 7 op 0 root 0 comm 0x2aab48001c20 [nranks=4] stream 0x5555582cf2e0
cn4185:53400:54106 [0] NCCL INFO AllReduce: opCount d1 sendbuff 0x4202b20000 recvbuff 0x4202b20000 count 1077824 datatype 7 op 0 root 0 comm 0x2aab48001c20 [nranks=4] stream 0x5555582cf2e0
cn4183:8929:9624 [1] NCCL INFO AllReduce: opCount d0 sendbuff 0x4209de0000 recvbuff 0x4209de0000 count 6073443 datatype 7 op 0 root 0 comm 0x2aab48001c20 [nranks=4] stream 0x5555582cf680
cn4183:8929:9624 [1] NCCL INFO AllReduce: opCount d1 sendbuff 0x4202b20000 recvbuff 0x4202b20000 count 1077824 datatype 7 op 0 root 0 comm 0x2aab48001c20 [nranks=4] stream 0x5555582cf680
cn4185:53401:54110 [1] NCCL INFO AllReduce: opCount d0 sendbuff 0x4209de0000 recvbuff 0x4209de0000 count 6073443 datatype 7 op 0 root 0 comm 0x2aab48001c20 [nranks=4] stream 0x5555582cf540
cn4185:53401:54110 [1] NCCL INFO AllReduce: opCount d1 sendbuff 0x4202b20000 recvbuff 0x4202b20000 count 1077824 datatype 7 op 0 root 0 comm 0x2aab48001c20 [nranks=4] stream 0x5555582cf540
Epoch 0:  20%|██        | 102/500 [11:56<46:36,  7.03s/it, loss=0.521, v_num=62, loss_step=0.478]Epoch 0:  20%|██        | 102/500 [11:56<46:36,  7.03s/it, loss=0.522, v_num=62, loss_step=0.495]cn4183:8928:9620 [0] NCCL INFO AllReduce: opCount d2 sendbuff 0x4209520000 recvbuff 0x4209520000 count 6073443 datatype 7 op 0 root 0 comm 0x2aab4c001c20 [nranks=4] stream 0x5555582b94f0
cn4183:8928:9620 [0] NCCL INFO AllReduce: opCount d3 sendbuff 0x4202b20000 recvbuff 0x4202b20000 count 1077824 datatype 7 op 0 root 0 comm 0x2aab4c001c20 [nranks=4] stream 0x5555582b94f0
cn4185:53400:54106 [0] NCCL INFO AllReduce: opCount d2 sendbuff 0x4209520000 recvbuff 0x4209520000 count 6073443 datatype 7 op 0 root 0 comm 0x2aab48001c20 [nranks=4] stream 0x5555582cf2e0
cn4185:53400:54106 [0] NCCL INFO AllReduce: opCount d3 sendbuff 0x4202b20000 recvbuff 0x4202b20000 count 1077824 datatype 7 op 0 root 0 comm 0x2aab48001c20 [nranks=4] stream 0x5555582cf2e0
cn4183:8929:9624 [1] NCCL INFO AllReduce: opCount d2 sendbuff 0x4209de0000 recvbuff 0x4209de0000 count 6073443 datatype 7 op 0 root 0 comm 0x2aab48001c20 [nranks=4] stream 0x5555582cf680
cn4183:8929:9624 [1] NCCL INFO AllReduce: opCount d3 sendbuff 0x4202b20000 recvbuff 0x4202b20000 count 1077824 datatype 7 op 0 root 0 comm 0x2aab48001c20 [nranks=4] stream 0x5555582cf680
cn4185:53401:54110 [1] NCCL INFO AllReduce: opCount d2 sendbuff 0x4209de0000 recvbuff 0x4209de0000 count 6073443 datatype 7 op 0 root 0 comm 0x2aab48001c20 [nranks=4] stream 0x5555582cf540
cn4185:53401:54110 [1] NCCL INFO AllReduce: opCount d3 sendbuff 0x4202b20000 recvbuff 0x4202b20000 count 1077824 datatype 7 op 0 root 0 comm 0x2aab48001c20 [nranks=4] stream 0x5555582cf540
Epoch 0:  21%|██        | 103/500 [12:03<46:29,  7.03s/it, loss=0.522, v_num=62, loss_step=0.495]Epoch 0:  21%|██        | 103/500 [12:03<46:29,  7.03s/it, loss=0.514, v_num=62, loss_step=0.486]cn4183:8928:9620 [0] NCCL INFO AllReduce: opCount d4 sendbuff 0x4209520000 recvbuff 0x4209520000 count 6073443 datatype 7 op 0 root 0 comm 0x2aab4c001c20 [nranks=4] stream 0x5555582b94f0
cn4183:8928:9620 [0] NCCL INFO AllReduce: opCount d5 sendbuff 0x4202b20000 recvbuff 0x4202b20000 count 1077824 datatype 7 op 0 root 0 comm 0x2aab4c001c20 [nranks=4] stream 0x5555582b94f0
cn4185:53400:54106 [0] NCCL INFO AllReduce: opCount d4 sendbuff 0x4209520000 recvbuff 0x4209520000 count 6073443 datatype 7 op 0 root 0 comm 0x2aab48001c20 [nranks=4] stream 0x5555582cf2e0
cn4185:53400:54106 [0] NCCL INFO AllReduce: opCount d5 sendbuff 0x4202b20000 recvbuff 0x4202b20000 count 1077824 datatype 7 op 0 root 0 comm 0x2aab48001c20 [nranks=4] stream 0x5555582cf2e0
cn4183:8929:9624 [1] NCCL INFO AllReduce: opCount d4 sendbuff 0x4209de0000 recvbuff 0x4209de0000 count 6073443 datatype 7 op 0 root 0 comm 0x2aab48001c20 [nranks=4] stream 0x5555582cf680
cn4183:8929:9624 [1] NCCL INFO AllReduce: opCount d5 sendbuff 0x4202b20000 recvbuff 0x4202b20000 count 1077824 datatype 7 op 0 root 0 comm 0x2aab48001c20 [nranks=4] stream 0x5555582cf680
cn4185:53401:54110 [1] NCCL INFO AllReduce: opCount d4 sendbuff 0x4209de0000 recvbuff 0x4209de0000 count 6073443 datatype 7 op 0 root 0 comm 0x2aab48001c20 [nranks=4] stream 0x5555582cf540
cn4185:53401:54110 [1] NCCL INFO AllReduce: opCount d5 sendbuff 0x4202b20000 recvbuff 0x4202b20000 count 1077824 datatype 7 op 0 root 0 comm 0x2aab48001c20 [nranks=4] stream 0x5555582cf540
Epoch 0:  21%|██        | 104/500 [12:10<46:22,  7.03s/it, loss=0.514, v_num=62, loss_step=0.486]Epoch 0:  21%|██        | 104/500 [12:10<46:22,  7.03s/it, loss=0.511, v_num=62, loss_step=0.491]cn4183:8928:9620 [0] NCCL INFO AllReduce: opCount d6 sendbuff 0x4209520000 recvbuff 0x4209520000 count 6073443 datatype 7 op 0 root 0 comm 0x2aab4c001c20 [nranks=4] stream 0x5555582b94f0
cn4183:8928:9620 [0] NCCL INFO AllReduce: opCount d7 sendbuff 0x4202b20000 recvbuff 0x4202b20000 count 1077824 datatype 7 op 0 root 0 comm 0x2aab4c001c20 [nranks=4] stream 0x5555582b94f0
cn4185:53400:54106 [0] NCCL INFO AllReduce: opCount d6 sendbuff 0x4209520000 recvbuff 0x4209520000 count 6073443 datatype 7 op 0 root 0 comm 0x2aab48001c20 [nranks=4] stream 0x5555582cf2e0
cn4185:53400:54106 [0] NCCL INFO AllReduce: opCount d7 sendbuff 0x4202b20000 recvbuff 0x4202b20000 count 1077824 datatype 7 op 0 root 0 comm 0x2aab48001c20 [nranks=4] stream 0x5555582cf2e0
cn4183:8929:9624 [1] NCCL INFO AllReduce: opCount d6 sendbuff 0x4209de0000 recvbuff 0x4209de0000 count 6073443 datatype 7 op 0 root 0 comm 0x2aab48001c20 [nranks=4] stream 0x5555582cf680
cn4183:8929:9624 [1] NCCL INFO AllReduce: opCount d7 sendbuff 0x4202b20000 recvbuff 0x4202b20000 count 1077824 datatype 7 op 0 root 0 comm 0x2aab48001c20 [nranks=4] stream 0x5555582cf680
cn4185:53401:54110 [1] NCCL INFO AllReduce: opCount d6 sendbuff 0x4209de0000 recvbuff 0x4209de0000 count 6073443 datatype 7 op 0 root 0 comm 0x2aab48001c20 [nranks=4] stream 0x5555582cf540
cn4185:53401:54110 [1] NCCL INFO AllReduce: opCount d7 sendbuff 0x4202b20000 recvbuff 0x4202b20000 count 1077824 datatype 7 op 0 root 0 comm 0x2aab48001c20 [nranks=4] stream 0x5555582cf540
Epoch 0:  21%|██        | 105/500 [12:17<46:15,  7.03s/it, loss=0.511, v_num=62, loss_step=0.491]Epoch 0:  21%|██        | 105/500 [12:17<46:15,  7.03s/it, loss=0.519, v_num=62, loss_step=0.531]cn4183:8928:9620 [0] NCCL INFO AllReduce: opCount d8 sendbuff 0x4209520000 recvbuff 0x4209520000 count 6073443 datatype 7 op 0 root 0 comm 0x2aab4c001c20 [nranks=4] stream 0x5555582b94f0
cn4183:8928:9620 [0] NCCL INFO AllReduce: opCount d9 sendbuff 0x4202b20000 recvbuff 0x4202b20000 count 1077824 datatype 7 op 0 root 0 comm 0x2aab4c001c20 [nranks=4] stream 0x5555582b94f0
cn4185:53400:54106 [0] NCCL INFO AllReduce: opCount d8 sendbuff 0x4209520000 recvbuff 0x4209520000 count 6073443 datatype 7 op 0 root 0 comm 0x2aab48001c20 [nranks=4] stream 0x5555582cf2e0
cn4185:53400:54106 [0] NCCL INFO AllReduce: opCount d9 sendbuff 0x4202b20000 recvbuff 0x4202b20000 count 1077824 datatype 7 op 0 root 0 comm 0x2aab48001c20 [nranks=4] stream 0x5555582cf2e0
cn4183:8929:9624 [1] NCCL INFO AllReduce: opCount d8 sendbuff 0x4209de0000 recvbuff 0x4209de0000 count 6073443 datatype 7 op 0 root 0 comm 0x2aab48001c20 [nranks=4] stream 0x5555582cf680
cn4183:8929:9624 [1] NCCL INFO AllReduce: opCount d9 sendbuff 0x4202b20000 recvbuff 0x4202b20000 count 1077824 datatype 7 op 0 root 0 comm 0x2aab48001c20 [nranks=4] stream 0x5555582cf680
cn4185:53401:54110 [1] NCCL INFO AllReduce: opCount d8 sendbuff 0x4209de0000 recvbuff 0x4209de0000 count 6073443 datatype 7 op 0 root 0 comm 0x2aab48001c20 [nranks=4] stream 0x5555582cf540
cn4185:53401:54110 [1] NCCL INFO AllReduce: opCount d9 sendbuff 0x4202b20000 recvbuff 0x4202b20000 count 1077824 datatype 7 op 0 root 0 comm 0x2aab48001c20 [nranks=4] stream 0x5555582cf540
Epoch 0:  21%|██        | 106/500 [12:24<46:08,  7.03s/it, loss=0.519, v_num=62, loss_step=0.531]Epoch 0:  21%|██        | 106/500 [12:24<46:08,  7.03s/it, loss=0.52, v_num=62, loss_step=0.587] cn4183:8928:9620 [0] NCCL INFO AllReduce: opCount da sendbuff 0x4209520000 recvbuff 0x4209520000 count 6073443 datatype 7 op 0 root 0 comm 0x2aab4c001c20 [nranks=4] stream 0x5555582b94f0
cn4183:8928:9620 [0] NCCL INFO AllReduce: opCount db sendbuff 0x4202b20000 recvbuff 0x4202b20000 count 1077824 datatype 7 op 0 root 0 comm 0x2aab4c001c20 [nranks=4] stream 0x5555582b94f0
cn4185:53400:54106 [0] NCCL INFO AllReduce: opCount da sendbuff 0x4209520000 recvbuff 0x4209520000 count 6073443 datatype 7 op 0 root 0 comm 0x2aab48001c20 [nranks=4] stream 0x5555582cf2e0
cn4185:53400:54106 [0] NCCL INFO AllReduce: opCount db sendbuff 0x4202b20000 recvbuff 0x4202b20000 count 1077824 datatype 7 op 0 root 0 comm 0x2aab48001c20 [nranks=4] stream 0x5555582cf2e0
cn4183:8929:9624 [1] NCCL INFO AllReduce: opCount da sendbuff 0x4209de0000 recvbuff 0x4209de0000 count 6073443 datatype 7 op 0 root 0 comm 0x2aab48001c20 [nranks=4] stream 0x5555582cf680
cn4183:8929:9624 [1] NCCL INFO AllReduce: opCount db sendbuff 0x4202b20000 recvbuff 0x4202b20000 count 1077824 datatype 7 op 0 root 0 comm 0x2aab48001c20 [nranks=4] stream 0x5555582cf680
cn4185:53401:54110 [1] NCCL INFO AllReduce: opCount da sendbuff 0x4209de0000 recvbuff 0x4209de0000 count 6073443 datatype 7 op 0 root 0 comm 0x2aab48001c20 [nranks=4] stream 0x5555582cf540
cn4185:53401:54110 [1] NCCL INFO AllReduce: opCount db sendbuff 0x4202b20000 recvbuff 0x4202b20000 count 1077824 datatype 7 op 0 root 0 comm 0x2aab48001c20 [nranks=4] stream 0x5555582cf540
Epoch 0:  21%|██▏       | 107/500 [12:31<46:01,  7.03s/it, loss=0.52, v_num=62, loss_step=0.587]Epoch 0:  21%|██▏       | 107/500 [12:31<46:01,  7.03s/it, loss=0.515, v_num=62, loss_step=0.622]cn4183:8928:9620 [0] NCCL INFO AllReduce: opCount dc sendbuff 0x4209520000 recvbuff 0x4209520000 count 6073443 datatype 7 op 0 root 0 comm 0x2aab4c001c20 [nranks=4] stream 0x5555582b94f0
cn4183:8928:9620 [0] NCCL INFO AllReduce: opCount dd sendbuff 0x4202b20000 recvbuff 0x4202b20000 count 1077824 datatype 7 op 0 root 0 comm 0x2aab4c001c20 [nranks=4] stream 0x5555582b94f0
cn4185:53400:54106 [0] NCCL INFO AllReduce: opCount dc sendbuff 0x4209520000 recvbuff 0x4209520000 count 6073443 datatype 7 op 0 root 0 comm 0x2aab48001c20 [nranks=4] stream 0x5555582cf2e0
cn4185:53400:54106 [0] NCCL INFO AllReduce: opCount dd sendbuff 0x4202b20000 recvbuff 0x4202b20000 count 1077824 datatype 7 op 0 root 0 comm 0x2aab48001c20 [nranks=4] stream 0x5555582cf2e0
cn4183:8929:9624 [1] NCCL INFO AllReduce: opCount dc sendbuff 0x4209de0000 recvbuff 0x4209de0000 count 6073443 datatype 7 op 0 root 0 comm 0x2aab48001c20 [nranks=4] stream 0x5555582cf680
cn4183:8929:9624 [1] NCCL INFO AllReduce: opCount dd sendbuff 0x4202b20000 recvbuff 0x4202b20000 count 1077824 datatype 7 op 0 root 0 comm 0x2aab48001c20 [nranks=4] stream 0x5555582cf680
cn4185:53401:54110 [1] NCCL INFO AllReduce: opCount dc sendbuff 0x4209de0000 recvbuff 0x4209de0000 count 6073443 datatype 7 op 0 root 0 comm 0x2aab48001c20 [nranks=4] stream 0x5555582cf540
cn4185:53401:54110 [1] NCCL INFO AllReduce: opCount dd sendbuff 0x4202b20000 recvbuff 0x4202b20000 count 1077824 datatype 7 op 0 root 0 comm 0x2aab48001c20 [nranks=4] stream 0x5555582cf540
Epoch 0:  22%|██▏       | 108/500 [12:38<45:53,  7.03s/it, loss=0.515, v_num=62, loss_step=0.622]Epoch 0:  22%|██▏       | 108/500 [12:38<45:53,  7.03s/it, loss=0.512, v_num=62, loss_step=0.418]cn4183:8928:9620 [0] NCCL INFO AllReduce: opCount de sendbuff 0x4209520000 recvbuff 0x4209520000 count 6073443 datatype 7 op 0 root 0 comm 0x2aab4c001c20 [nranks=4] stream 0x5555582b94f0
cn4183:8928:9620 [0] NCCL INFO AllReduce: opCount df sendbuff 0x4202b20000 recvbuff 0x4202b20000 count 1077824 datatype 7 op 0 root 0 comm 0x2aab4c001c20 [nranks=4] stream 0x5555582b94f0
cn4185:53400:54106 [0] NCCL INFO AllReduce: opCount de sendbuff 0x4209520000 recvbuff 0x4209520000 count 6073443 datatype 7 op 0 root 0 comm 0x2aab48001c20 [nranks=4] stream 0x5555582cf2e0
cn4185:53400:54106 [0] NCCL INFO AllReduce: opCount df sendbuff 0x4202b20000 recvbuff 0x4202b20000 count 1077824 datatype 7 op 0 root 0 comm 0x2aab48001c20 [nranks=4] stream 0x5555582cf2e0
cn4183:8929:9624 [1] NCCL INFO AllReduce: opCount de sendbuff 0x4209de0000 recvbuff 0x4209de0000 count 6073443 datatype 7 op 0 root 0 comm 0x2aab48001c20 [nranks=4] stream 0x5555582cf680
cn4183:8929:9624 [1] NCCL INFO AllReduce: opCount df sendbuff 0x4202b20000 recvbuff 0x4202b20000 count 1077824 datatype 7 op 0 root 0 comm 0x2aab48001c20 [nranks=4] stream 0x5555582cf680
cn4185:53401:54110 [1] NCCL INFO AllReduce: opCount de sendbuff 0x4209de0000 recvbuff 0x4209de0000 count 6073443 datatype 7 op 0 root 0 comm 0x2aab48001c20 [nranks=4] stream 0x5555582cf540
cn4185:53401:54110 [1] NCCL INFO AllReduce: opCount df sendbuff 0x4202b20000 recvbuff 0x4202b20000 count 1077824 datatype 7 op 0 root 0 comm 0x2aab48001c20 [nranks=4] stream 0x5555582cf540
Epoch 0:  22%|██▏       | 109/500 [12:45<45:46,  7.02s/it, loss=0.512, v_num=62, loss_step=0.418]Epoch 0:  22%|██▏       | 109/500 [12:45<45:46,  7.02s/it, loss=0.505, v_num=62, loss_step=0.525]cn4183:8928:9620 [0] NCCL INFO AllReduce: opCount e0 sendbuff 0x4209520000 recvbuff 0x4209520000 count 6073443 datatype 7 op 0 root 0 comm 0x2aab4c001c20 [nranks=4] stream 0x5555582b94f0
cn4183:8928:9620 [0] NCCL INFO AllReduce: opCount e1 sendbuff 0x4202b20000 recvbuff 0x4202b20000 count 1077824 datatype 7 op 0 root 0 comm 0x2aab4c001c20 [nranks=4] stream 0x5555582b94f0
cn4185:53400:54106 [0] NCCL INFO AllReduce: opCount e0 sendbuff 0x4209520000 recvbuff 0x4209520000 count 6073443 datatype 7 op 0 root 0 comm 0x2aab48001c20 [nranks=4] stream 0x5555582cf2e0
cn4185:53400:54106 [0] NCCL INFO AllReduce: opCount e1 sendbuff 0x4202b20000 recvbuff 0x4202b20000 count 1077824 datatype 7 op 0 root 0 comm 0x2aab48001c20 [nranks=4] stream 0x5555582cf2e0
cn4183:8929:9624 [1] NCCL INFO AllReduce: opCount e0 sendbuff 0x4209de0000 recvbuff 0x4209de0000 count 6073443 datatype 7 op 0 root 0 comm 0x2aab48001c20 [nranks=4] stream 0x5555582cf680
cn4183:8929:9624 [1] NCCL INFO AllReduce: opCount e1 sendbuff 0x4202b20000 recvbuff 0x4202b20000 count 1077824 datatype 7 op 0 root 0 comm 0x2aab48001c20 [nranks=4] stream 0x5555582cf680
cn4185:53401:54110 [1] NCCL INFO AllReduce: opCount e0 sendbuff 0x4209de0000 recvbuff 0x4209de0000 count 6073443 datatype 7 op 0 root 0 comm 0x2aab48001c20 [nranks=4] stream 0x5555582cf540
cn4185:53401:54110 [1] NCCL INFO AllReduce: opCount e1 sendbuff 0x4202b20000 recvbuff 0x4202b20000 count 1077824 datatype 7 op 0 root 0 comm 0x2aab48001c20 [nranks=4] stream 0x5555582cf540
Epoch 0:  22%|██▏       | 110/500 [12:52<45:39,  7.02s/it, loss=0.505, v_num=62, loss_step=0.525]Epoch 0:  22%|██▏       | 110/500 [12:52<45:39,  7.02s/it, loss=0.501, v_num=62, loss_step=0.477]cn4183:8928:9620 [0] NCCL INFO AllReduce: opCount e2 sendbuff 0x4209520000 recvbuff 0x4209520000 count 6073443 datatype 7 op 0 root 0 comm 0x2aab4c001c20 [nranks=4] stream 0x5555582b94f0
cn4183:8928:9620 [0] NCCL INFO AllReduce: opCount e3 sendbuff 0x4202b20000 recvbuff 0x4202b20000 count 1077824 datatype 7 op 0 root 0 comm 0x2aab4c001c20 [nranks=4] stream 0x5555582b94f0
cn4185:53400:54106 [0] NCCL INFO AllReduce: opCount e2 sendbuff 0x4209520000 recvbuff 0x4209520000 count 6073443 datatype 7 op 0 root 0 comm 0x2aab48001c20 [nranks=4] stream 0x5555582cf2e0
cn4185:53400:54106 [0] NCCL INFO AllReduce: opCount e3 sendbuff 0x4202b20000 recvbuff 0x4202b20000 count 1077824 datatype 7 op 0 root 0 comm 0x2aab48001c20 [nranks=4] stream 0x5555582cf2e0
cn4183:8929:9624 [1] NCCL INFO AllReduce: opCount e2 sendbuff 0x4209de0000 recvbuff 0x4209de0000 count 6073443 datatype 7 op 0 root 0 comm 0x2aab48001c20 [nranks=4] stream 0x5555582cf680
cn4183:8929:9624 [1] NCCL INFO AllReduce: opCount e3 sendbuff 0x4202b20000 recvbuff 0x4202b20000 count 1077824 datatype 7 op 0 root 0 comm 0x2aab48001c20 [nranks=4] stream 0x5555582cf680
cn4185:53401:54110 [1] NCCL INFO AllReduce: opCount e2 sendbuff 0x4209de0000 recvbuff 0x4209de0000 count 6073443 datatype 7 op 0 root 0 comm 0x2aab48001c20 [nranks=4] stream 0x5555582cf540
cn4185:53401:54110 [1] NCCL INFO AllReduce: opCount e3 sendbuff 0x4202b20000 recvbuff 0x4202b20000 count 1077824 datatype 7 op 0 root 0 comm 0x2aab48001c20 [nranks=4] stream 0x5555582cf540
Epoch 0:  22%|██▏       | 111/500 [12:59<45:32,  7.02s/it, loss=0.501, v_num=62, loss_step=0.477]Epoch 0:  22%|██▏       | 111/500 [12:59<45:32,  7.02s/it, loss=0.502, v_num=62, loss_step=0.479]cn4183:8928:9620 [0] NCCL INFO AllReduce: opCount e4 sendbuff 0x4209520000 recvbuff 0x4209520000 count 6073443 datatype 7 op 0 root 0 comm 0x2aab4c001c20 [nranks=4] stream 0x5555582b94f0
cn4183:8928:9620 [0] NCCL INFO AllReduce: opCount e5 sendbuff 0x4202b20000 recvbuff 0x4202b20000 count 1077824 datatype 7 op 0 root 0 comm 0x2aab4c001c20 [nranks=4] stream 0x5555582b94f0
cn4185:53400:54106 [0] NCCL INFO AllReduce: opCount e4 sendbuff 0x4209520000 recvbuff 0x4209520000 count 6073443 datatype 7 op 0 root 0 comm 0x2aab48001c20 [nranks=4] stream 0x5555582cf2e0
cn4185:53400:54106 [0] NCCL INFO AllReduce: opCount e5 sendbuff 0x4202b20000 recvbuff 0x4202b20000 count 1077824 datatype 7 op 0 root 0 comm 0x2aab48001c20 [nranks=4] stream 0x5555582cf2e0
cn4183:8929:9624 [1] NCCL INFO AllReduce: opCount e4 sendbuff 0x4209de0000 recvbuff 0x4209de0000 count 6073443 datatype 7 op 0 root 0 comm 0x2aab48001c20 [nranks=4] stream 0x5555582cf680
cn4183:8929:9624 [1] NCCL INFO AllReduce: opCount e5 sendbuff 0x4202b20000 recvbuff 0x4202b20000 count 1077824 datatype 7 op 0 root 0 comm 0x2aab48001c20 [nranks=4] stream 0x5555582cf680
cn4185:53401:54110 [1] NCCL INFO AllReduce: opCount e4 sendbuff 0x4209de0000 recvbuff 0x4209de0000 count 6073443 datatype 7 op 0 root 0 comm 0x2aab48001c20 [nranks=4] stream 0x5555582cf540
cn4185:53401:54110 [1] NCCL INFO AllReduce: opCount e5 sendbuff 0x4202b20000 recvbuff 0x4202b20000 count 1077824 datatype 7 op 0 root 0 comm 0x2aab48001c20 [nranks=4] stream 0x5555582cf540
Epoch 0:  22%|██▏       | 112/500 [13:06<45:25,  7.02s/it, loss=0.502, v_num=62, loss_step=0.479]Epoch 0:  22%|██▏       | 112/500 [13:06<45:25,  7.02s/it, loss=0.503, v_num=62, loss_step=0.488]cn4183:8928:9620 [0] NCCL INFO AllReduce: opCount e6 sendbuff 0x4209520000 recvbuff 0x4209520000 count 6073443 datatype 7 op 0 root 0 comm 0x2aab4c001c20 [nranks=4] stream 0x5555582b94f0
cn4183:8928:9620 [0] NCCL INFO AllReduce: opCount e7 sendbuff 0x4202b20000 recvbuff 0x4202b20000 count 1077824 datatype 7 op 0 root 0 comm 0x2aab4c001c20 [nranks=4] stream 0x5555582b94f0
cn4185:53400:54106 [0] NCCL INFO AllReduce: opCount e6 sendbuff 0x4209520000 recvbuff 0x4209520000 count 6073443 datatype 7 op 0 root 0 comm 0x2aab48001c20 [nranks=4] stream 0x5555582cf2e0
cn4185:53400:54106 [0] NCCL INFO AllReduce: opCount e7 sendbuff 0x4202b20000 recvbuff 0x4202b20000 count 1077824 datatype 7 op 0 root 0 comm 0x2aab48001c20 [nranks=4] stream 0x5555582cf2e0
cn4183:8929:9624 [1] NCCL INFO AllReduce: opCount e6 sendbuff 0x4209de0000 recvbuff 0x4209de0000 count 6073443 datatype 7 op 0 root 0 comm 0x2aab48001c20 [nranks=4] stream 0x5555582cf680
