[+] Loading nccl  2.7.8_cuda11.0  on cn4183 
[+] Loading CUDA Toolkit  11.0.3  ... 
GPU available: True, used: True
TPU available: None, using: 0 TPU cores
Multi-processing is handled by Slurm.
LOCAL_RANK: 0 - CUDA_VISIBLE_DEVICES: [0,1]
GPU available: True, used: True
TPU available: None, using: 0 TPU cores
Multi-processing is handled by Slurm.
LOCAL_RANK: 1 - CUDA_VISIBLE_DEVICES: [0,1]
initializing ddp: GLOBAL_RANK: 1, MEMBER: 2/4
initializing ddp: GLOBAL_RANK: 0, MEMBER: 1/4
GPU available: True, used: True
TPU available: None, using: 0 TPU cores
Multi-processing is handled by Slurm.
LOCAL_RANK: 0 - CUDA_VISIBLE_DEVICES: [0,1]
GPU available: True, used: True
TPU available: None, using: 0 TPU cores
Multi-processing is handled by Slurm.
LOCAL_RANK: 1 - CUDA_VISIBLE_DEVICES: [0,1]
initializing ddp: GLOBAL_RANK: 3, MEMBER: 4/4
initializing ddp: GLOBAL_RANK: 2, MEMBER: 3/4
cn4183:8928:8928 [0] NCCL INFO Bootstrap : Using [0]enet0:10.90.12.243<0> [1]ib0:10.2.12.243<0>
cn4183:8928:8928 [0] NCCL INFO NET/Plugin : No plugin found (libnccl-net.so).
cn4183:8928:8928 [0] NCCL INFO NET/IB : Using [0]mlx4_0:1/IB ; OOB enet0:10.90.12.243<0>
NCCL version 2.4.8+cuda10.1
cn4183:8929:8929 [1] NCCL INFO Bootstrap : Using [0]enet0:10.90.12.243<0> [1]ib0:10.2.12.243<0>
cn4183:8929:8929 [1] NCCL INFO NET/Plugin : No plugin found (libnccl-net.so).
cn4183:8929:8929 [1] NCCL INFO NET/IB : Using [0]mlx4_0:1/IB ; OOB enet0:10.90.12.243<0>
cn4185:53400:53400 [0] NCCL INFO Bootstrap : Using [0]enet0:10.90.12.245<0> [1]ib0:10.2.12.245<0>
cn4185:53401:53401 [1] NCCL INFO Bootstrap : Using [0]enet0:10.90.12.245<0> [1]ib0:10.2.12.245<0>
cn4185:53400:53400 [0] NCCL INFO NET/Plugin : No plugin found (libnccl-net.so).
cn4185:53401:53401 [1] NCCL INFO NET/Plugin : No plugin found (libnccl-net.so).
cn4185:53400:53400 [0] NCCL INFO NET/IB : Using [0]mlx4_0:1/IB ; OOB enet0:10.90.12.245<0>
cn4185:53401:53401 [1] NCCL INFO NET/IB : Using [0]mlx4_0:1/IB ; OOB enet0:10.90.12.245<0>
cn4183:8929:8963 [1] NCCL INFO CUDA Dev 1[1], IB NIC distance :  PHB
cn4183:8928:8961 [0] NCCL INFO CUDA Dev 0[0], IB NIC distance :  PHB
cn4185:53400:53451 [0] NCCL INFO CUDA Dev 0[2], IB NIC distance :  PHB
cn4185:53401:53452 [1] NCCL INFO CUDA Dev 1[3], IB NIC distance :  PHB
cn4183:8928:8961 [0] NCCL INFO Channel 00 :    0   1   2   3
cn4183:8928:8961 [0] NCCL INFO Channel 01 :    0   1   2   3
cn4183:8928:8961 [0] NCCL INFO Ring 00 : 3 -> 0 [receive] via NET/IB/0
cn4185:53400:53451 [0] NCCL INFO Ring 00 : 1 -> 2 [receive] via NET/IB/0
cn4185:53400:53451 [0] NCCL INFO Ring 00 : 2[2] -> 3[3] via P2P/IPC
cn4183:8928:8961 [0] NCCL INFO Ring 00 : 0[0] -> 1[1] via P2P/IPC
cn4183:8929:8963 [1] NCCL INFO Ring 00 : 1 -> 2 [send] via NET/IB/0
cn4185:53401:53452 [1] NCCL INFO Ring 00 : 3 -> 0 [send] via NET/IB/0
cn4183:8929:8963 [1] NCCL INFO Ring 01 : 1 -> 2 [send] via NET/IB/0
cn4183:8928:8961 [0] NCCL INFO Ring 01 : 3 -> 0 [receive] via NET/IB/0
cn4185:53400:53451 [0] NCCL INFO Ring 01 : 1 -> 2 [receive] via NET/IB/0
cn4185:53401:53452 [1] NCCL INFO Ring 01 : 3 -> 0 [send] via NET/IB/0
cn4183:8928:8961 [0] NCCL INFO Ring 01 : 0[0] -> 1[1] via P2P/IPC
cn4185:53400:53451 [0] NCCL INFO Ring 01 : 2[2] -> 3[3] via P2P/IPC
cn4185:53401:53452 [1] NCCL INFO comm 0x2aab48001c20 rank 3 nranks 4 cudaDev 1 nvmlDev 3 - Init COMPLETE
cn4185:53401:53401 [1] NCCL INFO Broadcast: opCount 0 sendbuff 0x4207220000 recvbuff 0x4207220000 count 7151267 datatype 7 op 0 root 0 comm 0x2aab48001c20 [nranks=4] stream 0x5555582cf540
cn4183:8928:8961 [0] NCCL INFO Using 128 threads, Min Comp Cap 3, Trees disabled
cn4183:8929:8963 [1] NCCL INFO comm 0x2aab48001c20 rank 1 nranks 4 cudaDev 1 nvmlDev 1 - Init COMPLETE
cn4183:8929:8929 [1] NCCL INFO Broadcast: opCount 0 sendbuff 0x4207220000 recvbuff 0x4207220000 count 7151267 datatype 7 op 0 root 0 comm 0x2aab48001c20 [nranks=4] stream 0x5555582cf680
cn4183:8928:8961 [0] NCCL INFO comm 0x2aab4c001c20 rank 0 nranks 4 cudaDev 0 nvmlDev 0 - Init COMPLETE
cn4183:8928:8928 [0] NCCL INFO Broadcast: opCount 0 sendbuff 0x4207220000 recvbuff 0x4207220000 count 7151267 datatype 7 op 0 root 0 comm 0x2aab4c001c20 [nranks=4] stream 0x5555582b94f0
cn4183:8928:8928 [0] NCCL INFO Launch mode Parallel
cn4185:53400:53451 [0] NCCL INFO comm 0x2aab48001c20 rank 2 nranks 4 cudaDev 0 nvmlDev 2 - Init COMPLETE
cn4185:53401:53401 [1] NCCL INFO AllReduce: opCount 1 sendbuff 0x4200ec8400 recvbuff 0x4200ec8400 count 1 datatype 1 op 0 root 0 comm 0x2aab48001c20 [nranks=4] stream 0x5555582cf540
cn4185:53400:53400 [0] NCCL INFO Broadcast: opCount 0 sendbuff 0x4207220000 recvbuff 0x4207220000 count 7151267 datatype 7 op 0 root 0 comm 0x2aab48001c20 [nranks=4] stream 0x5555582cf2e0
cn4183:8929:8929 [1] NCCL INFO AllReduce: opCount 1 sendbuff 0x4200ec8400 recvbuff 0x4200ec8400 count 1 datatype 1 op 0 root 0 comm 0x2aab48001c20 [nranks=4] stream 0x5555582cf680
cn4185:53400:53400 [0] NCCL INFO AllReduce: opCount 1 sendbuff 0x4200ec8400 recvbuff 0x4200ec8400 count 1 datatype 1 op 0 root 0 comm 0x2aab48001c20 [nranks=4] stream 0x5555582cf2e0
cn4183:8928:8928 [0] NCCL INFO AllReduce: opCount 1 sendbuff 0x4200ec8400 recvbuff 0x4200ec8400 count 1 datatype 1 op 0 root 0 comm 0x2aab4c001c20 [nranks=4] stream 0x5555582b94f0
Set SLURM handle signals.
Set SLURM handle signals.
Set SLURM handle signals.
Set SLURM handle signals.
cn4183:8928:8928 [0] NCCL INFO Broadcast: opCount 2 sendbuff 0x4200ec8400 recvbuff 0x4200ec8400 count 1 datatype 4 op 0 root 0 comm 0x2aab4c001c20 [nranks=4] stream 0x5555582b94f0
cn4183:8928:8928 [0] NCCL INFO Broadcast: opCount 3 sendbuff 0x4200ec8400 recvbuff 0x4200ec8400 count 184 datatype 1 op 0 root 0 comm 0x2aab4c001c20 [nranks=4] stream 0x5555582b94f0

  | Name        | Type       | Params
-------------------------------------------
0 | encoder     | Sequential | 4.4 M 
1 | decoder     | Sequential | 2.8 M 
2 | final_layer | Sequential | 10.1 K
-------------------------------------------
7.2 M     Trainable params
0         Non-trainable params
7.2 M     Total params
cn4183:8928:8928 [0] NCCL INFO AllReduce: opCount 4 sendbuff 0x4200ec8400 recvbuff 0x4200ec8400 count 1 datatype 1 op 0 root 0 comm 0x2aab4c001c20 [nranks=4] stream 0x5555582b94f0
cn4183:8929:8929 [1] NCCL INFO Broadcast: opCount 2 sendbuff 0x4200ec8400 recvbuff 0x4200ec8400 count 1 datatype 4 op 0 root 0 comm 0x2aab48001c20 [nranks=4] stream 0x5555582cf680
cn4185:53400:53400 [0] NCCL INFO Broadcast: opCount 2 sendbuff 0x4200ec8400 recvbuff 0x4200ec8400 count 1 datatype 4 op 0 root 0 comm 0x2aab48001c20 [nranks=4] stream 0x5555582cf2e0
cn4185:53401:53401 [1] NCCL INFO Broadcast: opCount 2 sendbuff 0x4200ec8400 recvbuff 0x4200ec8400 count 1 datatype 4 op 0 root 0 comm 0x2aab48001c20 [nranks=4] stream 0x5555582cf540
cn4185:53401:53401 [1] NCCL INFO Broadcast: opCount 3 sendbuff 0x4200ec8600 recvbuff 0x4200ec8600 count 184 datatype 1 op 0 root 0 comm 0x2aab48001c20 [nranks=4] stream 0x5555582cf540
cn4185:53400:53400 [0] NCCL INFO Broadcast: opCount 3 sendbuff 0x4200ec8600 recvbuff 0x4200ec8600 count 184 datatype 1 op 0 root 0 comm 0x2aab48001c20 [nranks=4] stream 0x5555582cf2e0
cn4183:8929:8929 [1] NCCL INFO Broadcast: opCount 3 sendbuff 0x4200ec8600 recvbuff 0x4200ec8600 count 184 datatype 1 op 0 root 0 comm 0x2aab48001c20 [nranks=4] stream 0x5555582cf680
cn4183:8929:8929 [1] NCCL INFO AllReduce: opCount 4 sendbuff 0x4200ec8400 recvbuff 0x4200ec8400 count 1 datatype 1 op 0 root 0 comm 0x2aab48001c20 [nranks=4] stream 0x5555582cf680
cn4185:53401:53401 [1] NCCL INFO AllReduce: opCount 4 sendbuff 0x4200ec8400 recvbuff 0x4200ec8400 count 1 datatype 1 op 0 root 0 comm 0x2aab48001c20 [nranks=4] stream 0x5555582cf540
cn4185:53400:53400 [0] NCCL INFO AllReduce: opCount 4 sendbuff 0x4200ec8400 recvbuff 0x4200ec8400 count 1 datatype 1 op 0 root 0 comm 0x2aab48001c20 [nranks=4] stream 0x5555582cf2e0
cn4183:8928:8928 [0] NCCL INFO AllReduce: opCount 5 sendbuff 0x4200ec8400 recvbuff 0x4200ec8400 count 1 datatype 1 op 0 root 0 comm 0x2aab4c001c20 [nranks=4] stream 0x5555582b94f0
cn4183:8929:8929 [1] NCCL INFO AllReduce: opCount 5 sendbuff 0x4200ec8400 recvbuff 0x4200ec8400 count 1 datatype 1 op 0 root 0 comm 0x2aab48001c20 [nranks=4] stream 0x5555582cf680
cn4185:53400:53400 [0] NCCL INFO AllReduce: opCount 5 sendbuff 0x4200ec8400 recvbuff 0x4200ec8400 count 1 datatype 1 op 0 root 0 comm 0x2aab48001c20 [nranks=4] stream 0x5555582cf2e0
cn4185:53401:53401 [1] NCCL INFO AllReduce: opCount 5 sendbuff 0x4200ec8400 recvbuff 0x4200ec8400 count 1 datatype 1 op 0 root 0 comm 0x2aab48001c20 [nranks=4] stream 0x5555582cf540
loading images
loading images
loading images
loading images
Training: 0it [00:00, ?it/s]Training:   0%|          | 0/500 [00:00<?, ?it/s]Epoch 0:   0%|          | 0/500 [00:00<?, ?it/s] cn4183:8928:9620 [0] NCCL INFO AllReduce: opCount 6 sendbuff 0x4209520000 recvbuff 0x4209520000 count 6073443 datatype 7 op 0 root 0 comm 0x2aab4c001c20 [nranks=4] stream 0x5555582b94f0
cn4183:8928:9620 [0] NCCL INFO AllReduce: opCount 7 sendbuff 0x4202b20000 recvbuff 0x4202b20000 count 1077824 datatype 7 op 0 root 0 comm 0x2aab4c001c20 [nranks=4] stream 0x5555582b94f0
cn4185:53400:54106 [0] NCCL INFO AllReduce: opCount 6 sendbuff 0x4209520000 recvbuff 0x4209520000 count 6073443 datatype 7 op 0 root 0 comm 0x2aab48001c20 [nranks=4] stream 0x5555582cf2e0
cn4185:53400:54106 [0] NCCL INFO AllReduce: opCount 7 sendbuff 0x4202b20000 recvbuff 0x4202b20000 count 1077824 datatype 7 op 0 root 0 comm 0x2aab48001c20 [nranks=4] stream 0x5555582cf2e0
cn4183:8929:9624 [1] NCCL INFO AllReduce: opCount 6 sendbuff 0x4209de0000 recvbuff 0x4209de0000 count 6073443 datatype 7 op 0 root 0 comm 0x2aab48001c20 [nranks=4] stream 0x5555582cf680
cn4185:53401:54110 [1] NCCL INFO AllReduce: opCount 6 sendbuff 0x4209de0000 recvbuff 0x4209de0000 count 6073443 datatype 7 op 0 root 0 comm 0x2aab48001c20 [nranks=4] stream 0x5555582cf540
cn4183:8929:9624 [1] NCCL INFO AllReduce: opCount 7 sendbuff 0x4202b20000 recvbuff 0x4202b20000 count 1077824 datatype 7 op 0 root 0 comm 0x2aab48001c20 [nranks=4] stream 0x5555582cf680
cn4185:53401:54110 [1] NCCL INFO AllReduce: opCount 7 sendbuff 0x4202b20000 recvbuff 0x4202b20000 count 1077824 datatype 7 op 0 root 0 comm 0x2aab48001c20 [nranks=4] stream 0x5555582cf540
Epoch 0:   0%|          | 1/500 [00:10<1:26:50, 10.44s/it]Epoch 0:   0%|          | 1/500 [00:10<1:26:51, 10.44s/it, loss=0.694, v_num=62]cn4183:8928:9620 [0] NCCL INFO AllReduce: opCount 8 sendbuff 0x4209520000 recvbuff 0x4209520000 count 6073443 datatype 7 op 0 root 0 comm 0x2aab4c001c20 [nranks=4] stream 0x5555582b94f0
cn4183:8928:9620 [0] NCCL INFO AllReduce: opCount 9 sendbuff 0x4202b20000 recvbuff 0x4202b20000 count 1077824 datatype 7 op 0 root 0 comm 0x2aab4c001c20 [nranks=4] stream 0x5555582b94f0
cn4185:53400:54106 [0] NCCL INFO AllReduce: opCount 8 sendbuff 0x4209520000 recvbuff 0x4209520000 count 6073443 datatype 7 op 0 root 0 comm 0x2aab48001c20 [nranks=4] stream 0x5555582cf2e0
cn4185:53400:54106 [0] NCCL INFO AllReduce: opCount 9 sendbuff 0x4202b20000 recvbuff 0x4202b20000 count 1077824 datatype 7 op 0 root 0 comm 0x2aab48001c20 [nranks=4] stream 0x5555582cf2e0
cn4183:8929:9624 [1] NCCL INFO AllReduce: opCount 8 sendbuff 0x4209de0000 recvbuff 0x4209de0000 count 6073443 datatype 7 op 0 root 0 comm 0x2aab48001c20 [nranks=4] stream 0x5555582cf680
cn4183:8929:9624 [1] NCCL INFO AllReduce: opCount 9 sendbuff 0x4202b20000 recvbuff 0x4202b20000 count 1077824 datatype 7 op 0 root 0 comm 0x2aab48001c20 [nranks=4] stream 0x5555582cf680
cn4185:53401:54110 [1] NCCL INFO AllReduce: opCount 8 sendbuff 0x4209de0000 recvbuff 0x4209de0000 count 6073443 datatype 7 op 0 root 0 comm 0x2aab48001c20 [nranks=4] stream 0x5555582cf540
cn4185:53401:54110 [1] NCCL INFO AllReduce: opCount 9 sendbuff 0x4202b20000 recvbuff 0x4202b20000 count 1077824 datatype 7 op 0 root 0 comm 0x2aab48001c20 [nranks=4] stream 0x5555582cf540
Epoch 0:   0%|          | 2/500 [00:17<1:12:23,  8.72s/it, loss=0.694, v_num=62]Epoch 0:   0%|          | 2/500 [00:17<1:12:23,  8.72s/it, loss=0.654, v_num=62, loss_step=0.694]cn4183:8928:9620 [0] NCCL INFO AllReduce: opCount a sendbuff 0x4209520000 recvbuff 0x4209520000 count 6073443 datatype 7 op 0 root 0 comm 0x2aab4c001c20 [nranks=4] stream 0x5555582b94f0
cn4183:8928:9620 [0] NCCL INFO AllReduce: opCount b sendbuff 0x4202b20000 recvbuff 0x4202b20000 count 1077824 datatype 7 op 0 root 0 comm 0x2aab4c001c20 [nranks=4] stream 0x5555582b94f0
cn4185:53400:54106 [0] NCCL INFO AllReduce: opCount a sendbuff 0x4209520000 recvbuff 0x4209520000 count 6073443 datatype 7 op 0 root 0 comm 0x2aab48001c20 [nranks=4] stream 0x5555582cf2e0
cn4185:53400:54106 [0] NCCL INFO AllReduce: opCount b sendbuff 0x4202b20000 recvbuff 0x4202b20000 count 1077824 datatype 7 op 0 root 0 comm 0x2aab48001c20 [nranks=4] stream 0x5555582cf2e0
cn4183:8929:9624 [1] NCCL INFO AllReduce: opCount a sendbuff 0x4209de0000 recvbuff 0x4209de0000 count 6073443 datatype 7 op 0 root 0 comm 0x2aab48001c20 [nranks=4] stream 0x5555582cf680
cn4183:8929:9624 [1] NCCL INFO AllReduce: opCount b sendbuff 0x4202b20000 recvbuff 0x4202b20000 count 1077824 datatype 7 op 0 root 0 comm 0x2aab48001c20 [nranks=4] stream 0x5555582cf680
cn4185:53401:54110 [1] NCCL INFO AllReduce: opCount a sendbuff 0x4209de0000 recvbuff 0x4209de0000 count 6073443 datatype 7 op 0 root 0 comm 0x2aab48001c20 [nranks=4] stream 0x5555582cf540
cn4185:53401:54110 [1] NCCL INFO AllReduce: opCount b sendbuff 0x4202b20000 recvbuff 0x4202b20000 count 1077824 datatype 7 op 0 root 0 comm 0x2aab48001c20 [nranks=4] stream 0x5555582cf540
Epoch 0:   1%|          | 3/500 [00:24<1:07:21,  8.13s/it, loss=0.654, v_num=62, loss_step=0.694]Epoch 0:   1%|          | 3/500 [00:24<1:07:21,  8.13s/it, loss=2.29, v_num=62, loss_step=0.614] cn4183:8928:9620 [0] NCCL INFO AllReduce: opCount c sendbuff 0x4209520000 recvbuff 0x4209520000 count 6073443 datatype 7 op 0 root 0 comm 0x2aab4c001c20 [nranks=4] stream 0x5555582b94f0
cn4183:8928:9620 [0] NCCL INFO AllReduce: opCount d sendbuff 0x4202b20000 recvbuff 0x4202b20000 count 1077824 datatype 7 op 0 root 0 comm 0x2aab4c001c20 [nranks=4] stream 0x5555582b94f0
cn4185:53400:54106 [0] NCCL INFO AllReduce: opCount c sendbuff 0x4209520000 recvbuff 0x4209520000 count 6073443 datatype 7 op 0 root 0 comm 0x2aab48001c20 [nranks=4] stream 0x5555582cf2e0
cn4185:53400:54106 [0] NCCL INFO AllReduce: opCount d sendbuff 0x4202b20000 recvbuff 0x4202b20000 count 1077824 datatype 7 op 0 root 0 comm 0x2aab48001c20 [nranks=4] stream 0x5555582cf2e0
cn4183:8929:9624 [1] NCCL INFO AllReduce: opCount c sendbuff 0x4209de0000 recvbuff 0x4209de0000 count 6073443 datatype 7 op 0 root 0 comm 0x2aab48001c20 [nranks=4] stream 0x5555582cf680
cn4183:8929:9624 [1] NCCL INFO AllReduce: opCount d sendbuff 0x4202b20000 recvbuff 0x4202b20000 count 1077824 datatype 7 op 0 root 0 comm 0x2aab48001c20 [nranks=4] stream 0x5555582cf680
cn4185:53401:54110 [1] NCCL INFO AllReduce: opCount c sendbuff 0x4209de0000 recvbuff 0x4209de0000 count 6073443 datatype 7 op 0 root 0 comm 0x2aab48001c20 [nranks=4] stream 0x5555582cf540
cn4185:53401:54110 [1] NCCL INFO AllReduce: opCount d sendbuff 0x4202b20000 recvbuff 0x4202b20000 count 1077824 datatype 7 op 0 root 0 comm 0x2aab48001c20 [nranks=4] stream 0x5555582cf540
Epoch 0:   1%|          | 4/500 [00:31<1:04:52,  7.85s/it, loss=2.29, v_num=62, loss_step=0.614]Epoch 0:   1%|          | 4/500 [00:31<1:04:52,  7.85s/it, loss=1.88, v_num=62, loss_step=5.55] cn4183:8928:9620 [0] NCCL INFO AllReduce: opCount e sendbuff 0x4209520000 recvbuff 0x4209520000 count 6073443 datatype 7 op 0 root 0 comm 0x2aab4c001c20 [nranks=4] stream 0x5555582b94f0
cn4183:8928:9620 [0] NCCL INFO AllReduce: opCount f sendbuff 0x4202b20000 recvbuff 0x4202b20000 count 1077824 datatype 7 op 0 root 0 comm 0x2aab4c001c20 [nranks=4] stream 0x5555582b94f0
cn4185:53400:54106 [0] NCCL INFO AllReduce: opCount e sendbuff 0x4209520000 recvbuff 0x4209520000 count 6073443 datatype 7 op 0 root 0 comm 0x2aab48001c20 [nranks=4] stream 0x5555582cf2e0
cn4185:53400:54106 [0] NCCL INFO AllReduce: opCount f sendbuff 0x4202b20000 recvbuff 0x4202b20000 count 1077824 datatype 7 op 0 root 0 comm 0x2aab48001c20 [nranks=4] stream 0x5555582cf2e0
cn4183:8929:9624 [1] NCCL INFO AllReduce: opCount e sendbuff 0x4209de0000 recvbuff 0x4209de0000 count 6073443 datatype 7 op 0 root 0 comm 0x2aab48001c20 [nranks=4] stream 0x5555582cf680
cn4183:8929:9624 [1] NCCL INFO AllReduce: opCount f sendbuff 0x4202b20000 recvbuff 0x4202b20000 count 1077824 datatype 7 op 0 root 0 comm 0x2aab48001c20 [nranks=4] stream 0x5555582cf680
cn4185:53401:54110 [1] NCCL INFO AllReduce: opCount e sendbuff 0x4209de0000 recvbuff 0x4209de0000 count 6073443 datatype 7 op 0 root 0 comm 0x2aab48001c20 [nranks=4] stream 0x5555582cf540
cn4185:53401:54110 [1] NCCL INFO AllReduce: opCount f sendbuff 0x4202b20000 recvbuff 0x4202b20000 count 1077824 datatype 7 op 0 root 0 comm 0x2aab48001c20 [nranks=4] stream 0x5555582cf540
Epoch 0:   1%|          | 5/500 [00:38<1:03:20,  7.68s/it, loss=1.88, v_num=62, loss_step=5.55]Epoch 0:   1%|          | 5/500 [00:38<1:03:20,  7.68s/it, loss=1.64, v_num=62, loss_step=0.662]cn4183:8928:9620 [0] NCCL INFO AllReduce: opCount 10 sendbuff 0x4209520000 recvbuff 0x4209520000 count 6073443 datatype 7 op 0 root 0 comm 0x2aab4c001c20 [nranks=4] stream 0x5555582b94f0
cn4183:8928:9620 [0] NCCL INFO AllReduce: opCount 11 sendbuff 0x4202b20000 recvbuff 0x4202b20000 count 1077824 datatype 7 op 0 root 0 comm 0x2aab4c001c20 [nranks=4] stream 0x5555582b94f0
cn4185:53400:54106 [0] NCCL INFO AllReduce: opCount 10 sendbuff 0x4209520000 recvbuff 0x4209520000 count 6073443 datatype 7 op 0 root 0 comm 0x2aab48001c20 [nranks=4] stream 0x5555582cf2e0
cn4185:53400:54106 [0] NCCL INFO AllReduce: opCount 11 sendbuff 0x4202b20000 recvbuff 0x4202b20000 count 1077824 datatype 7 op 0 root 0 comm 0x2aab48001c20 [nranks=4] stream 0x5555582cf2e0
cn4183:8929:9624 [1] NCCL INFO AllReduce: opCount 10 sendbuff 0x4209de0000 recvbuff 0x4209de0000 count 6073443 datatype 7 op 0 root 0 comm 0x2aab48001c20 [nranks=4] stream 0x5555582cf680
cn4183:8929:9624 [1] NCCL INFO AllReduce: opCount 11 sendbuff 0x4202b20000 recvbuff 0x4202b20000 count 1077824 datatype 7 op 0 root 0 comm 0x2aab48001c20 [nranks=4] stream 0x5555582cf680
cn4185:53401:54110 [1] NCCL INFO AllReduce: opCount 10 sendbuff 0x4209de0000 recvbuff 0x4209de0000 count 6073443 datatype 7 op 0 root 0 comm 0x2aab48001c20 [nranks=4] stream 0x5555582cf540
cn4185:53401:54110 [1] NCCL INFO AllReduce: opCount 11 sendbuff 0x4202b20000 recvbuff 0x4202b20000 count 1077824 datatype 7 op 0 root 0 comm 0x2aab48001c20 [nranks=4] stream 0x5555582cf540
Epoch 0:   1%|          | 6/500 [00:45<1:02:17,  7.57s/it, loss=1.64, v_num=62, loss_step=0.662]Epoch 0:   1%|          | 6/500 [00:45<1:02:17,  7.57s/it, loss=1.48, v_num=62, loss_step=0.693]cn4183:8928:9620 [0] NCCL INFO AllReduce: opCount 12 sendbuff 0x4209520000 recvbuff 0x4209520000 count 6073443 datatype 7 op 0 root 0 comm 0x2aab4c001c20 [nranks=4] stream 0x5555582b94f0
cn4183:8928:9620 [0] NCCL INFO AllReduce: opCount 13 sendbuff 0x4202b20000 recvbuff 0x4202b20000 count 1077824 datatype 7 op 0 root 0 comm 0x2aab4c001c20 [nranks=4] stream 0x5555582b94f0
cn4185:53400:54106 [0] NCCL INFO AllReduce: opCount 12 sendbuff 0x4209520000 recvbuff 0x4209520000 count 6073443 datatype 7 op 0 root 0 comm 0x2aab48001c20 [nranks=4] stream 0x5555582cf2e0
cn4185:53400:54106 [0] NCCL INFO AllReduce: opCount 13 sendbuff 0x4202b20000 recvbuff 0x4202b20000 count 1077824 datatype 7 op 0 root 0 comm 0x2aab48001c20 [nranks=4] stream 0x5555582cf2e0
cn4183:8929:9624 [1] NCCL INFO AllReduce: opCount 12 sendbuff 0x4209de0000 recvbuff 0x4209de0000 count 6073443 datatype 7 op 0 root 0 comm 0x2aab48001c20 [nranks=4] stream 0x5555582cf680
cn4183:8929:9624 [1] NCCL INFO AllReduce: opCount 13 sendbuff 0x4202b20000 recvbuff 0x4202b20000 count 1077824 datatype 7 op 0 root 0 comm 0x2aab48001c20 [nranks=4] stream 0x5555582cf680
cn4185:53401:54110 [1] NCCL INFO AllReduce: opCount 12 sendbuff 0x4209de0000 recvbuff 0x4209de0000 count 6073443 datatype 7 op 0 root 0 comm 0x2aab48001c20 [nranks=4] stream 0x5555582cf540
cn4185:53401:54110 [1] NCCL INFO AllReduce: opCount 13 sendbuff 0x4202b20000 recvbuff 0x4202b20000 count 1077824 datatype 7 op 0 root 0 comm 0x2aab48001c20 [nranks=4] stream 0x5555582cf540
Epoch 0:   1%|▏         | 7/500 [00:52<1:01:29,  7.48s/it, loss=1.48, v_num=62, loss_step=0.693]Epoch 0:   1%|▏         | 7/500 [00:52<1:01:29,  7.48s/it, loss=1.37, v_num=62, loss_step=0.692]cn4183:8928:9620 [0] NCCL INFO AllReduce: opCount 14 sendbuff 0x4209520000 recvbuff 0x4209520000 count 6073443 datatype 7 op 0 root 0 comm 0x2aab4c001c20 [nranks=4] stream 0x5555582b94f0
cn4183:8928:9620 [0] NCCL INFO AllReduce: opCount 15 sendbuff 0x4202b20000 recvbuff 0x4202b20000 count 1077824 datatype 7 op 0 root 0 comm 0x2aab4c001c20 [nranks=4] stream 0x5555582b94f0
cn4185:53400:54106 [0] NCCL INFO AllReduce: opCount 14 sendbuff 0x4209520000 recvbuff 0x4209520000 count 6073443 datatype 7 op 0 root 0 comm 0x2aab48001c20 [nranks=4] stream 0x5555582cf2e0
cn4185:53400:54106 [0] NCCL INFO AllReduce: opCount 15 sendbuff 0x4202b20000 recvbuff 0x4202b20000 count 1077824 datatype 7 op 0 root 0 comm 0x2aab48001c20 [nranks=4] stream 0x5555582cf2e0
cn4183:8929:9624 [1] NCCL INFO AllReduce: opCount 14 sendbuff 0x4209de0000 recvbuff 0x4209de0000 count 6073443 datatype 7 op 0 root 0 comm 0x2aab48001c20 [nranks=4] stream 0x5555582cf680
cn4183:8929:9624 [1] NCCL INFO AllReduce: opCount 15 sendbuff 0x4202b20000 recvbuff 0x4202b20000 count 1077824 datatype 7 op 0 root 0 comm 0x2aab48001c20 [nranks=4] stream 0x5555582cf680
cn4185:53401:54110 [1] NCCL INFO AllReduce: opCount 14 sendbuff 0x4209de0000 recvbuff 0x4209de0000 count 6073443 datatype 7 op 0 root 0 comm 0x2aab48001c20 [nranks=4] stream 0x5555582cf540
cn4185:53401:54110 [1] NCCL INFO AllReduce: opCount 15 sendbuff 0x4202b20000 recvbuff 0x4202b20000 count 1077824 datatype 7 op 0 root 0 comm 0x2aab48001c20 [nranks=4] stream 0x5555582cf540
Epoch 0:   2%|▏         | 8/500 [00:59<1:00:51,  7.42s/it, loss=1.37, v_num=62, loss_step=0.692]Epoch 0:   2%|▏         | 8/500 [00:59<1:00:51,  7.42s/it, loss=1.29, v_num=62, loss_step=0.691]cn4183:8928:9620 [0] NCCL INFO AllReduce: opCount 16 sendbuff 0x4209520000 recvbuff 0x4209520000 count 6073443 datatype 7 op 0 root 0 comm 0x2aab4c001c20 [nranks=4] stream 0x5555582b94f0
cn4183:8928:9620 [0] NCCL INFO AllReduce: opCount 17 sendbuff 0x4202b20000 recvbuff 0x4202b20000 count 1077824 datatype 7 op 0 root 0 comm 0x2aab4c001c20 [nranks=4] stream 0x5555582b94f0
cn4185:53400:54106 [0] NCCL INFO AllReduce: opCount 16 sendbuff 0x4209520000 recvbuff 0x4209520000 count 6073443 datatype 7 op 0 root 0 comm 0x2aab48001c20 [nranks=4] stream 0x5555582cf2e0
cn4185:53400:54106 [0] NCCL INFO AllReduce: opCount 17 sendbuff 0x4202b20000 recvbuff 0x4202b20000 count 1077824 datatype 7 op 0 root 0 comm 0x2aab48001c20 [nranks=4] stream 0x5555582cf2e0
cn4183:8929:9624 [1] NCCL INFO AllReduce: opCount 16 sendbuff 0x4209de0000 recvbuff 0x4209de0000 count 6073443 datatype 7 op 0 root 0 comm 0x2aab48001c20 [nranks=4] stream 0x5555582cf680
cn4183:8929:9624 [1] NCCL INFO AllReduce: opCount 17 sendbuff 0x4202b20000 recvbuff 0x4202b20000 count 1077824 datatype 7 op 0 root 0 comm 0x2aab48001c20 [nranks=4] stream 0x5555582cf680
cn4185:53401:54110 [1] NCCL INFO AllReduce: opCount 16 sendbuff 0x4209de0000 recvbuff 0x4209de0000 count 6073443 datatype 7 op 0 root 0 comm 0x2aab48001c20 [nranks=4] stream 0x5555582cf540
cn4185:53401:54110 [1] NCCL INFO AllReduce: opCount 17 sendbuff 0x4202b20000 recvbuff 0x4202b20000 count 1077824 datatype 7 op 0 root 0 comm 0x2aab48001c20 [nranks=4] stream 0x5555582cf540
Epoch 0:   2%|▏         | 9/500 [01:06<1:00:20,  7.37s/it, loss=1.29, v_num=62, loss_step=0.691]Epoch 0:   2%|▏         | 9/500 [01:06<1:00:20,  7.37s/it, loss=1.22, v_num=62, loss_step=0.686]cn4183:8928:9620 [0] NCCL INFO AllReduce: opCount 18 sendbuff 0x4209520000 recvbuff 0x4209520000 count 6073443 datatype 7 op 0 root 0 comm 0x2aab4c001c20 [nranks=4] stream 0x5555582b94f0
cn4183:8928:9620 [0] NCCL INFO AllReduce: opCount 19 sendbuff 0x4202b20000 recvbuff 0x4202b20000 count 1077824 datatype 7 op 0 root 0 comm 0x2aab4c001c20 [nranks=4] stream 0x5555582b94f0
cn4185:53400:54106 [0] NCCL INFO AllReduce: opCount 18 sendbuff 0x4209520000 recvbuff 0x4209520000 count 6073443 datatype 7 op 0 root 0 comm 0x2aab48001c20 [nranks=4] stream 0x5555582cf2e0
cn4185:53400:54106 [0] NCCL INFO AllReduce: opCount 19 sendbuff 0x4202b20000 recvbuff 0x4202b20000 count 1077824 datatype 7 op 0 root 0 comm 0x2aab48001c20 [nranks=4] stream 0x5555582cf2e0
cn4183:8929:9624 [1] NCCL INFO AllReduce: opCount 18 sendbuff 0x4209de0000 recvbuff 0x4209de0000 count 6073443 datatype 7 op 0 root 0 comm 0x2aab48001c20 [nranks=4] stream 0x5555582cf680
cn4183:8929:9624 [1] NCCL INFO AllReduce: opCount 19 sendbuff 0x4202b20000 recvbuff 0x4202b20000 count 1077824 datatype 7 op 0 root 0 comm 0x2aab48001c20 [nranks=4] stream 0x5555582cf680
cn4185:53401:54110 [1] NCCL INFO AllReduce: opCount 18 sendbuff 0x4209de0000 recvbuff 0x4209de0000 count 6073443 datatype 7 op 0 root 0 comm 0x2aab48001c20 [nranks=4] stream 0x5555582cf540
cn4185:53401:54110 [1] NCCL INFO AllReduce: opCount 19 sendbuff 0x4202b20000 recvbuff 0x4202b20000 count 1077824 datatype 7 op 0 root 0 comm 0x2aab48001c20 [nranks=4] stream 0x5555582cf540
Epoch 0:   2%|▏         | 10/500 [01:13<59:54,  7.34s/it, loss=1.22, v_num=62, loss_step=0.686] Epoch 0:   2%|▏         | 10/500 [01:13<59:54,  7.34s/it, loss=1.16, v_num=62, loss_step=0.667]cn4183:8928:9620 [0] NCCL INFO AllReduce: opCount 1a sendbuff 0x4209520000 recvbuff 0x4209520000 count 6073443 datatype 7 op 0 root 0 comm 0x2aab4c001c20 [nranks=4] stream 0x5555582b94f0
cn4183:8928:9620 [0] NCCL INFO AllReduce: opCount 1b sendbuff 0x4202b20000 recvbuff 0x4202b20000 count 1077824 datatype 7 op 0 root 0 comm 0x2aab4c001c20 [nranks=4] stream 0x5555582b94f0
cn4185:53400:54106 [0] NCCL INFO AllReduce: opCount 1a sendbuff 0x4209520000 recvbuff 0x4209520000 count 6073443 datatype 7 op 0 root 0 comm 0x2aab48001c20 [nranks=4] stream 0x5555582cf2e0
cn4185:53400:54106 [0] NCCL INFO AllReduce: opCount 1b sendbuff 0x4202b20000 recvbuff 0x4202b20000 count 1077824 datatype 7 op 0 root 0 comm 0x2aab48001c20 [nranks=4] stream 0x5555582cf2e0
cn4183:8929:9624 [1] NCCL INFO AllReduce: opCount 1a sendbuff 0x4209de0000 recvbuff 0x4209de0000 count 6073443 datatype 7 op 0 root 0 comm 0x2aab48001c20 [nranks=4] stream 0x5555582cf680
cn4183:8929:9624 [1] NCCL INFO AllReduce: opCount 1b sendbuff 0x4202b20000 recvbuff 0x4202b20000 count 1077824 datatype 7 op 0 root 0 comm 0x2aab48001c20 [nranks=4] stream 0x5555582cf680
cn4185:53401:54110 [1] NCCL INFO AllReduce: opCount 1a sendbuff 0x4209de0000 recvbuff 0x4209de0000 count 6073443 datatype 7 op 0 root 0 comm 0x2aab48001c20 [nranks=4] stream 0x5555582cf540
cn4185:53401:54110 [1] NCCL INFO AllReduce: opCount 1b sendbuff 0x4202b20000 recvbuff 0x4202b20000 count 1077824 datatype 7 op 0 root 0 comm 0x2aab48001c20 [nranks=4] stream 0x5555582cf540
Epoch 0:   2%|▏         | 11/500 [01:20<59:32,  7.31s/it, loss=1.16, v_num=62, loss_step=0.667]Epoch 0:   2%|▏         | 11/500 [01:20<59:32,  7.31s/it, loss=1.11, v_num=62, loss_step=0.618]cn4183:8928:9620 [0] NCCL INFO AllReduce: opCount 1c sendbuff 0x4209520000 recvbuff 0x4209520000 count 6073443 datatype 7 op 0 root 0 comm 0x2aab4c001c20 [nranks=4] stream 0x5555582b94f0
cn4183:8928:9620 [0] NCCL INFO AllReduce: opCount 1d sendbuff 0x4202b20000 recvbuff 0x4202b20000 count 1077824 datatype 7 op 0 root 0 comm 0x2aab4c001c20 [nranks=4] stream 0x5555582b94f0
cn4185:53400:54106 [0] NCCL INFO AllReduce: opCount 1c sendbuff 0x4209520000 recvbuff 0x4209520000 count 6073443 datatype 7 op 0 root 0 comm 0x2aab48001c20 [nranks=4] stream 0x5555582cf2e0
cn4185:53400:54106 [0] NCCL INFO AllReduce: opCount 1d sendbuff 0x4202b20000 recvbuff 0x4202b20000 count 1077824 datatype 7 op 0 root 0 comm 0x2aab48001c20 [nranks=4] stream 0x5555582cf2e0
cn4183:8929:9624 [1] NCCL INFO AllReduce: opCount 1c sendbuff 0x4209de0000 recvbuff 0x4209de0000 count 6073443 datatype 7 op 0 root 0 comm 0x2aab48001c20 [nranks=4] stream 0x5555582cf680
cn4183:8929:9624 [1] NCCL INFO AllReduce: opCount 1d sendbuff 0x4202b20000 recvbuff 0x4202b20000 count 1077824 datatype 7 op 0 root 0 comm 0x2aab48001c20 [nranks=4] stream 0x5555582cf680
cn4185:53401:54110 [1] NCCL INFO AllReduce: opCount 1c sendbuff 0x4209de0000 recvbuff 0x4209de0000 count 6073443 datatype 7 op 0 root 0 comm 0x2aab48001c20 [nranks=4] stream 0x5555582cf540
cn4185:53401:54110 [1] NCCL INFO AllReduce: opCount 1d sendbuff 0x4202b20000 recvbuff 0x4202b20000 count 1077824 datatype 7 op 0 root 0 comm 0x2aab48001c20 [nranks=4] stream 0x5555582cf540
Epoch 0:   2%|▏         | 12/500 [01:27<59:12,  7.28s/it, loss=1.11, v_num=62, loss_step=0.618]Epoch 0:   2%|▏         | 12/500 [01:27<59:12,  7.28s/it, loss=1.06, v_num=62, loss_step=0.635]cn4183:8928:9620 [0] NCCL INFO AllReduce: opCount 1e sendbuff 0x4209520000 recvbuff 0x4209520000 count 6073443 datatype 7 op 0 root 0 comm 0x2aab4c001c20 [nranks=4] stream 0x5555582b94f0
cn4183:8928:9620 [0] NCCL INFO AllReduce: opCount 1f sendbuff 0x4202b20000 recvbuff 0x4202b20000 count 1077824 datatype 7 op 0 root 0 comm 0x2aab4c001c20 [nranks=4] stream 0x5555582b94f0
cn4185:53400:54106 [0] NCCL INFO AllReduce: opCount 1e sendbuff 0x4209520000 recvbuff 0x4209520000 count 6073443 datatype 7 op 0 root 0 comm 0x2aab48001c20 [nranks=4] stream 0x5555582cf2e0
cn4185:53400:54106 [0] NCCL INFO AllReduce: opCount 1f sendbuff 0x4202b20000 recvbuff 0x4202b20000 count 1077824 datatype 7 op 0 root 0 comm 0x2aab48001c20 [nranks=4] stream 0x5555582cf2e0
cn4183:8929:9624 [1] NCCL INFO AllReduce: opCount 1e sendbuff 0x4209de0000 recvbuff 0x4209de0000 count 6073443 datatype 7 op 0 root 0 comm 0x2aab48001c20 [nranks=4] stream 0x5555582cf680
cn4183:8929:9624 [1] NCCL INFO AllReduce: opCount 1f sendbuff 0x4202b20000 recvbuff 0x4202b20000 count 1077824 datatype 7 op 0 root 0 comm 0x2aab48001c20 [nranks=4] stream 0x5555582cf680
cn4185:53401:54110 [1] NCCL INFO AllReduce: opCount 1e sendbuff 0x4209de0000 recvbuff 0x4209de0000 count 6073443 datatype 7 op 0 root 0 comm 0x2aab48001c20 [nranks=4] stream 0x5555582cf540
cn4185:53401:54110 [1] NCCL INFO AllReduce: opCount 1f sendbuff 0x4202b20000 recvbuff 0x4202b20000 count 1077824 datatype 7 op 0 root 0 comm 0x2aab48001c20 [nranks=4] stream 0x5555582cf540
Epoch 0:   3%|▎         | 13/500 [01:34<58:53,  7.26s/it, loss=1.06, v_num=62, loss_step=0.635]Epoch 0:   3%|▎         | 13/500 [01:34<58:53,  7.26s/it, loss=1.03, v_num=62, loss_step=0.561]cn4183:8928:9620 [0] NCCL INFO AllReduce: opCount 20 sendbuff 0x4209520000 recvbuff 0x4209520000 count 6073443 datatype 7 op 0 root 0 comm 0x2aab4c001c20 [nranks=4] stream 0x5555582b94f0
cn4183:8928:9620 [0] NCCL INFO AllReduce: opCount 21 sendbuff 0x4202b20000 recvbuff 0x4202b20000 count 1077824 datatype 7 op 0 root 0 comm 0x2aab4c001c20 [nranks=4] stream 0x5555582b94f0
cn4185:53400:54106 [0] NCCL INFO AllReduce: opCount 20 sendbuff 0x4209520000 recvbuff 0x4209520000 count 6073443 datatype 7 op 0 root 0 comm 0x2aab48001c20 [nranks=4] stream 0x5555582cf2e0
cn4185:53400:54106 [0] NCCL INFO AllReduce: opCount 21 sendbuff 0x4202b20000 recvbuff 0x4202b20000 count 1077824 datatype 7 op 0 root 0 comm 0x2aab48001c20 [nranks=4] stream 0x5555582cf2e0
cn4183:8929:9624 [1] NCCL INFO AllReduce: opCount 20 sendbuff 0x4209de0000 recvbuff 0x4209de0000 count 6073443 datatype 7 op 0 root 0 comm 0x2aab48001c20 [nranks=4] stream 0x5555582cf680
cn4183:8929:9624 [1] NCCL INFO AllReduce: opCount 21 sendbuff 0x4202b20000 recvbuff 0x4202b20000 count 1077824 datatype 7 op 0 root 0 comm 0x2aab48001c20 [nranks=4] stream 0x5555582cf680
cn4185:53401:54110 [1] NCCL INFO AllReduce: opCount 20 sendbuff 0x4209de0000 recvbuff 0x4209de0000 count 6073443 datatype 7 op 0 root 0 comm 0x2aab48001c20 [nranks=4] stream 0x5555582cf540
cn4185:53401:54110 [1] NCCL INFO AllReduce: opCount 21 sendbuff 0x4202b20000 recvbuff 0x4202b20000 count 1077824 datatype 7 op 0 root 0 comm 0x2aab48001c20 [nranks=4] stream 0x5555582cf540
Epoch 0:   3%|▎         | 14/500 [01:41<58:37,  7.24s/it, loss=1.03, v_num=62, loss_step=0.561]Epoch 0:   3%|▎         | 14/500 [01:41<58:37,  7.24s/it, loss=1, v_num=62, loss_step=0.613]   cn4183:8928:9620 [0] NCCL INFO AllReduce: opCount 22 sendbuff 0x4209520000 recvbuff 0x4209520000 count 6073443 datatype 7 op 0 root 0 comm 0x2aab4c001c20 [nranks=4] stream 0x5555582b94f0
cn4183:8928:9620 [0] NCCL INFO AllReduce: opCount 23 sendbuff 0x4202b20000 recvbuff 0x4202b20000 count 1077824 datatype 7 op 0 root 0 comm 0x2aab4c001c20 [nranks=4] stream 0x5555582b94f0
cn4185:53400:54106 [0] NCCL INFO AllReduce: opCount 22 sendbuff 0x4209520000 recvbuff 0x4209520000 count 6073443 datatype 7 op 0 root 0 comm 0x2aab48001c20 [nranks=4] stream 0x5555582cf2e0
cn4185:53400:54106 [0] NCCL INFO AllReduce: opCount 23 sendbuff 0x4202b20000 recvbuff 0x4202b20000 count 1077824 datatype 7 op 0 root 0 comm 0x2aab48001c20 [nranks=4] stream 0x5555582cf2e0
cn4183:8929:9624 [1] NCCL INFO AllReduce: opCount 22 sendbuff 0x4209de0000 recvbuff 0x4209de0000 count 6073443 datatype 7 op 0 root 0 comm 0x2aab48001c20 [nranks=4] stream 0x5555582cf680
cn4183:8929:9624 [1] NCCL INFO AllReduce: opCount 23 sendbuff 0x4202b20000 recvbuff 0x4202b20000 count 1077824 datatype 7 op 0 root 0 comm 0x2aab48001c20 [nranks=4] stream 0x5555582cf680
cn4185:53401:54110 [1] NCCL INFO AllReduce: opCount 22 sendbuff 0x4209de0000 recvbuff 0x4209de0000 count 6073443 datatype 7 op 0 root 0 comm 0x2aab48001c20 [nranks=4] stream 0x5555582cf540
cn4185:53401:54110 [1] NCCL INFO AllReduce: opCount 23 sendbuff 0x4202b20000 recvbuff 0x4202b20000 count 1077824 datatype 7 op 0 root 0 comm 0x2aab48001c20 [nranks=4] stream 0x5555582cf540
Epoch 0:   3%|▎         | 15/500 [01:48<58:21,  7.22s/it, loss=1, v_num=62, loss_step=0.613]Epoch 0:   3%|▎         | 15/500 [01:48<58:21,  7.22s/it, loss=0.985, v_num=62, loss_step=0.679]cn4183:8928:9620 [0] NCCL INFO AllReduce: opCount 24 sendbuff 0x4209520000 recvbuff 0x4209520000 count 6073443 datatype 7 op 0 root 0 comm 0x2aab4c001c20 [nranks=4] stream 0x5555582b94f0
cn4183:8928:9620 [0] NCCL INFO AllReduce: opCount 25 sendbuff 0x4202b20000 recvbuff 0x4202b20000 count 1077824 datatype 7 op 0 root 0 comm 0x2aab4c001c20 [nranks=4] stream 0x5555582b94f0
cn4185:53400:54106 [0] NCCL INFO AllReduce: opCount 24 sendbuff 0x4209520000 recvbuff 0x4209520000 count 6073443 datatype 7 op 0 root 0 comm 0x2aab48001c20 [nranks=4] stream 0x5555582cf2e0
cn4185:53400:54106 [0] NCCL INFO AllReduce: opCount 25 sendbuff 0x4202b20000 recvbuff 0x4202b20000 count 1077824 datatype 7 op 0 root 0 comm 0x2aab48001c20 [nranks=4] stream 0x5555582cf2e0
cn4183:8929:9624 [1] NCCL INFO AllReduce: opCount 24 sendbuff 0x4209de0000 recvbuff 0x4209de0000 count 6073443 datatype 7 op 0 root 0 comm 0x2aab48001c20 [nranks=4] stream 0x5555582cf680
cn4183:8929:9624 [1] NCCL INFO AllReduce: opCount 25 sendbuff 0x4202b20000 recvbuff 0x4202b20000 count 1077824 datatype 7 op 0 root 0 comm 0x2aab48001c20 [nranks=4] stream 0x5555582cf680
cn4185:53401:54110 [1] NCCL INFO AllReduce: opCount 24 sendbuff 0x4209de0000 recvbuff 0x4209de0000 count 6073443 datatype 7 op 0 root 0 comm 0x2aab48001c20 [nranks=4] stream 0x5555582cf540
cn4185:53401:54110 [1] NCCL INFO AllReduce: opCount 25 sendbuff 0x4202b20000 recvbuff 0x4202b20000 count 1077824 datatype 7 op 0 root 0 comm 0x2aab48001c20 [nranks=4] stream 0x5555582cf540
Epoch 0:   3%|▎         | 16/500 [01:55<58:06,  7.20s/it, loss=0.985, v_num=62, loss_step=0.679]Epoch 0:   3%|▎         | 16/500 [01:55<58:06,  7.20s/it, loss=0.965, v_num=62, loss_step=0.716]cn4183:8928:9620 [0] NCCL INFO AllReduce: opCount 26 sendbuff 0x4209520000 recvbuff 0x4209520000 count 6073443 datatype 7 op 0 root 0 comm 0x2aab4c001c20 [nranks=4] stream 0x5555582b94f0
cn4183:8928:9620 [0] NCCL INFO AllReduce: opCount 27 sendbuff 0x4202b20000 recvbuff 0x4202b20000 count 1077824 datatype 7 op 0 root 0 comm 0x2aab4c001c20 [nranks=4] stream 0x5555582b94f0
cn4185:53400:54106 [0] NCCL INFO AllReduce: opCount 26 sendbuff 0x4209520000 recvbuff 0x4209520000 count 6073443 datatype 7 op 0 root 0 comm 0x2aab48001c20 [nranks=4] stream 0x5555582cf2e0
cn4185:53400:54106 [0] NCCL INFO AllReduce: opCount 27 sendbuff 0x4202b20000 recvbuff 0x4202b20000 count 1077824 datatype 7 op 0 root 0 comm 0x2aab48001c20 [nranks=4] stream 0x5555582cf2e0
cn4183:8929:9624 [1] NCCL INFO AllReduce: opCount 26 sendbuff 0x4209de0000 recvbuff 0x4209de0000 count 6073443 datatype 7 op 0 root 0 comm 0x2aab48001c20 [nranks=4] stream 0x5555582cf680
cn4183:8929:9624 [1] NCCL INFO AllReduce: opCount 27 sendbuff 0x4202b20000 recvbuff 0x4202b20000 count 1077824 datatype 7 op 0 root 0 comm 0x2aab48001c20 [nranks=4] stream 0x5555582cf680
cn4185:53401:54110 [1] NCCL INFO AllReduce: opCount 26 sendbuff 0x4209de0000 recvbuff 0x4209de0000 count 6073443 datatype 7 op 0 root 0 comm 0x2aab48001c20 [nranks=4] stream 0x5555582cf540
cn4185:53401:54110 [1] NCCL INFO AllReduce: opCount 27 sendbuff 0x4202b20000 recvbuff 0x4202b20000 count 1077824 datatype 7 op 0 root 0 comm 0x2aab48001c20 [nranks=4] stream 0x5555582cf540
Epoch 0:   3%|▎         | 17/500 [02:02<57:53,  7.19s/it, loss=0.965, v_num=62, loss_step=0.716]Epoch 0:   3%|▎         | 17/500 [02:02<57:53,  7.19s/it, loss=0.947, v_num=62, loss_step=0.673]cn4183:8928:9620 [0] NCCL INFO AllReduce: opCount 28 sendbuff 0x4209520000 recvbuff 0x4209520000 count 6073443 datatype 7 op 0 root 0 comm 0x2aab4c001c20 [nranks=4] stream 0x5555582b94f0
cn4183:8928:9620 [0] NCCL INFO AllReduce: opCount 29 sendbuff 0x4202b20000 recvbuff 0x4202b20000 count 1077824 datatype 7 op 0 root 0 comm 0x2aab4c001c20 [nranks=4] stream 0x5555582b94f0
cn4185:53400:54106 [0] NCCL INFO AllReduce: opCount 28 sendbuff 0x4209520000 recvbuff 0x4209520000 count 6073443 datatype 7 op 0 root 0 comm 0x2aab48001c20 [nranks=4] stream 0x5555582cf2e0
cn4185:53400:54106 [0] NCCL INFO AllReduce: opCount 29 sendbuff 0x4202b20000 recvbuff 0x4202b20000 count 1077824 datatype 7 op 0 root 0 comm 0x2aab48001c20 [nranks=4] stream 0x5555582cf2e0
cn4183:8929:9624 [1] NCCL INFO AllReduce: opCount 28 sendbuff 0x4209de0000 recvbuff 0x4209de0000 count 6073443 datatype 7 op 0 root 0 comm 0x2aab48001c20 [nranks=4] stream 0x5555582cf680
cn4183:8929:9624 [1] NCCL INFO AllReduce: opCount 29 sendbuff 0x4202b20000 recvbuff 0x4202b20000 count 1077824 datatype 7 op 0 root 0 comm 0x2aab48001c20 [nranks=4] stream 0x5555582cf680
cn4185:53401:54110 [1] NCCL INFO AllReduce: opCount 28 sendbuff 0x4209de0000 recvbuff 0x4209de0000 count 6073443 datatype 7 op 0 root 0 comm 0x2aab48001c20 [nranks=4] stream 0x5555582cf540
cn4185:53401:54110 [1] NCCL INFO AllReduce: opCount 29 sendbuff 0x4202b20000 recvbuff 0x4202b20000 count 1077824 datatype 7 op 0 root 0 comm 0x2aab48001c20 [nranks=4] stream 0x5555582cf540
Epoch 0:   4%|▎         | 18/500 [02:09<57:40,  7.18s/it, loss=0.947, v_num=62, loss_step=0.673]Epoch 0:   4%|▎         | 18/500 [02:09<57:40,  7.18s/it, loss=0.931, v_num=62, loss_step=0.653]cn4183:8928:9620 [0] NCCL INFO AllReduce: opCount 2a sendbuff 0x4209520000 recvbuff 0x4209520000 count 6073443 datatype 7 op 0 root 0 comm 0x2aab4c001c20 [nranks=4] stream 0x5555582b94f0
cn4183:8928:9620 [0] NCCL INFO AllReduce: opCount 2b sendbuff 0x4202b20000 recvbuff 0x4202b20000 count 1077824 datatype 7 op 0 root 0 comm 0x2aab4c001c20 [nranks=4] stream 0x5555582b94f0
cn4185:53400:54106 [0] NCCL INFO AllReduce: opCount 2a sendbuff 0x4209520000 recvbuff 0x4209520000 count 6073443 datatype 7 op 0 root 0 comm 0x2aab48001c20 [nranks=4] stream 0x5555582cf2e0
cn4185:53400:54106 [0] NCCL INFO AllReduce: opCount 2b sendbuff 0x4202b20000 recvbuff 0x4202b20000 count 1077824 datatype 7 op 0 root 0 comm 0x2aab48001c20 [nranks=4] stream 0x5555582cf2e0
cn4183:8929:9624 [1] NCCL INFO AllReduce: opCount 2a sendbuff 0x4209de0000 recvbuff 0x4209de0000 count 6073443 datatype 7 op 0 root 0 comm 0x2aab48001c20 [nranks=4] stream 0x5555582cf680
cn4183:8929:9624 [1] NCCL INFO AllReduce: opCount 2b sendbuff 0x4202b20000 recvbuff 0x4202b20000 count 1077824 datatype 7 op 0 root 0 comm 0x2aab48001c20 [nranks=4] stream 0x5555582cf680
cn4185:53401:54110 [1] NCCL INFO AllReduce: opCount 2a sendbuff 0x4209de0000 recvbuff 0x4209de0000 count 6073443 datatype 7 op 0 root 0 comm 0x2aab48001c20 [nranks=4] stream 0x5555582cf540
cn4185:53401:54110 [1] NCCL INFO AllReduce: opCount 2b sendbuff 0x4202b20000 recvbuff 0x4202b20000 count 1077824 datatype 7 op 0 root 0 comm 0x2aab48001c20 [nranks=4] stream 0x5555582cf540
Epoch 0:   4%|▍         | 19/500 [02:16<57:28,  7.17s/it, loss=0.931, v_num=62, loss_step=0.653]Epoch 0:   4%|▍         | 19/500 [02:16<57:28,  7.17s/it, loss=0.917, v_num=62, loss_step=0.653]cn4183:8928:9620 [0] NCCL INFO AllReduce: opCount 2c sendbuff 0x4209520000 recvbuff 0x4209520000 count 6073443 datatype 7 op 0 root 0 comm 0x2aab4c001c20 [nranks=4] stream 0x5555582b94f0
cn4183:8928:9620 [0] NCCL INFO AllReduce: opCount 2d sendbuff 0x4202b20000 recvbuff 0x4202b20000 count 1077824 datatype 7 op 0 root 0 comm 0x2aab4c001c20 [nranks=4] stream 0x5555582b94f0
cn4185:53400:54106 [0] NCCL INFO AllReduce: opCount 2c sendbuff 0x4209520000 recvbuff 0x4209520000 count 6073443 datatype 7 op 0 root 0 comm 0x2aab48001c20 [nranks=4] stream 0x5555582cf2e0
cn4185:53400:54106 [0] NCCL INFO AllReduce: opCount 2d sendbuff 0x4202b20000 recvbuff 0x4202b20000 count 1077824 datatype 7 op 0 root 0 comm 0x2aab48001c20 [nranks=4] stream 0x5555582cf2e0
cn4183:8929:9624 [1] NCCL INFO AllReduce: opCount 2c sendbuff 0x4209de0000 recvbuff 0x4209de0000 count 6073443 datatype 7 op 0 root 0 comm 0x2aab48001c20 [nranks=4] stream 0x5555582cf680
cn4183:8929:9624 [1] NCCL INFO AllReduce: opCount 2d sendbuff 0x4202b20000 recvbuff 0x4202b20000 count 1077824 datatype 7 op 0 root 0 comm 0x2aab48001c20 [nranks=4] stream 0x5555582cf680
cn4185:53401:54110 [1] NCCL INFO AllReduce: opCount 2c sendbuff 0x4209de0000 recvbuff 0x4209de0000 count 6073443 datatype 7 op 0 root 0 comm 0x2aab48001c20 [nranks=4] stream 0x5555582cf540
cn4185:53401:54110 [1] NCCL INFO AllReduce: opCount 2d sendbuff 0x4202b20000 recvbuff 0x4202b20000 count 1077824 datatype 7 op 0 root 0 comm 0x2aab48001c20 [nranks=4] stream 0x5555582cf540
Epoch 0:   4%|▍         | 20/500 [02:23<57:17,  7.16s/it, loss=0.917, v_num=62, loss_step=0.653]Epoch 0:   4%|▍         | 20/500 [02:23<57:17,  7.16s/it, loss=0.896, v_num=62, loss_step=0.68] cn4183:8928:9620 [0] NCCL INFO AllReduce: opCount 2e sendbuff 0x4209520000 recvbuff 0x4209520000 count 6073443 datatype 7 op 0 root 0 comm 0x2aab4c001c20 [nranks=4] stream 0x5555582b94f0
cn4183:8928:9620 [0] NCCL INFO AllReduce: opCount 2f sendbuff 0x4202b20000 recvbuff 0x4202b20000 count 1077824 datatype 7 op 0 root 0 comm 0x2aab4c001c20 [nranks=4] stream 0x5555582b94f0
cn4185:53400:54106 [0] NCCL INFO AllReduce: opCount 2e sendbuff 0x4209520000 recvbuff 0x4209520000 count 6073443 datatype 7 op 0 root 0 comm 0x2aab48001c20 [nranks=4] stream 0x5555582cf2e0
cn4185:53400:54106 [0] NCCL INFO AllReduce: opCount 2f sendbuff 0x4202b20000 recvbuff 0x4202b20000 count 1077824 datatype 7 op 0 root 0 comm 0x2aab48001c20 [nranks=4] stream 0x5555582cf2e0
cn4183:8929:9624 [1] NCCL INFO AllReduce: opCount 2e sendbuff 0x4209de0000 recvbuff 0x4209de0000 count 6073443 datatype 7 op 0 root 0 comm 0x2aab48001c20 [nranks=4] stream 0x5555582cf680
cn4183:8929:9624 [1] NCCL INFO AllReduce: opCount 2f sendbuff 0x4202b20000 recvbuff 0x4202b20000 count 1077824 datatype 7 op 0 root 0 comm 0x2aab48001c20 [nranks=4] stream 0x5555582cf680
cn4185:53401:54110 [1] NCCL INFO AllReduce: opCount 2e sendbuff 0x4209de0000 recvbuff 0x4209de0000 count 6073443 datatype 7 op 0 root 0 comm 0x2aab48001c20 [nranks=4] stream 0x5555582cf540
cn4185:53401:54110 [1] NCCL INFO AllReduce: opCount 2f sendbuff 0x4202b20000 recvbuff 0x4202b20000 count 1077824 datatype 7 op 0 root 0 comm 0x2aab48001c20 [nranks=4] stream 0x5555582cf540
Epoch 0:   4%|▍         | 21/500 [02:30<57:06,  7.15s/it, loss=0.896, v_num=62, loss_step=0.68]Epoch 0:   4%|▍         | 21/500 [02:30<57:06,  7.15s/it, loss=0.896, v_num=62, loss_step=0.485]cn4183:8928:9620 [0] NCCL INFO AllReduce: opCount 30 sendbuff 0x4209520000 recvbuff 0x4209520000 count 6073443 datatype 7 op 0 root 0 comm 0x2aab4c001c20 [nranks=4] stream 0x5555582b94f0
cn4183:8928:9620 [0] NCCL INFO AllReduce: opCount 31 sendbuff 0x4202b20000 recvbuff 0x4202b20000 count 1077824 datatype 7 op 0 root 0 comm 0x2aab4c001c20 [nranks=4] stream 0x5555582b94f0
cn4185:53400:54106 [0] NCCL INFO AllReduce: opCount 30 sendbuff 0x4209520000 recvbuff 0x4209520000 count 6073443 datatype 7 op 0 root 0 comm 0x2aab48001c20 [nranks=4] stream 0x5555582cf2e0
cn4185:53400:54106 [0] NCCL INFO AllReduce: opCount 31 sendbuff 0x4202b20000 recvbuff 0x4202b20000 count 1077824 datatype 7 op 0 root 0 comm 0x2aab48001c20 [nranks=4] stream 0x5555582cf2e0
cn4183:8929:9624 [1] NCCL INFO AllReduce: opCount 30 sendbuff 0x4209de0000 recvbuff 0x4209de0000 count 6073443 datatype 7 op 0 root 0 comm 0x2aab48001c20 [nranks=4] stream 0x5555582cf680
cn4183:8929:9624 [1] NCCL INFO AllReduce: opCount 31 sendbuff 0x4202b20000 recvbuff 0x4202b20000 count 1077824 datatype 7 op 0 root 0 comm 0x2aab48001c20 [nranks=4] stream 0x5555582cf680
cn4185:53401:54110 [1] NCCL INFO AllReduce: opCount 30 sendbuff 0x4209de0000 recvbuff 0x4209de0000 count 6073443 datatype 7 op 0 root 0 comm 0x2aab48001c20 [nranks=4] stream 0x5555582cf540
cn4185:53401:54110 [1] NCCL INFO AllReduce: opCount 31 sendbuff 0x4202b20000 recvbuff 0x4202b20000 count 1077824 datatype 7 op 0 root 0 comm 0x2aab48001c20 [nranks=4] stream 0x5555582cf540
Epoch 0:   4%|▍         | 22/500 [02:37<56:55,  7.15s/it, loss=0.896, v_num=62, loss_step=0.485]Epoch 0:   4%|▍         | 22/500 [02:37<56:55,  7.15s/it, loss=0.893, v_num=62, loss_step=0.705]cn4183:8928:9620 [0] NCCL INFO AllReduce: opCount 32 sendbuff 0x4209520000 recvbuff 0x4209520000 count 6073443 datatype 7 op 0 root 0 comm 0x2aab4c001c20 [nranks=4] stream 0x5555582b94f0
cn4183:8928:9620 [0] NCCL INFO AllReduce: opCount 33 sendbuff 0x4202b20000 recvbuff 0x4202b20000 count 1077824 datatype 7 op 0 root 0 comm 0x2aab4c001c20 [nranks=4] stream 0x5555582b94f0
cn4185:53400:54106 [0] NCCL INFO AllReduce: opCount 32 sendbuff 0x4209520000 recvbuff 0x4209520000 count 6073443 datatype 7 op 0 root 0 comm 0x2aab48001c20 [nranks=4] stream 0x5555582cf2e0
cn4185:53400:54106 [0] NCCL INFO AllReduce: opCount 33 sendbuff 0x4202b20000 recvbuff 0x4202b20000 count 1077824 datatype 7 op 0 root 0 comm 0x2aab48001c20 [nranks=4] stream 0x5555582cf2e0
cn4183:8929:9624 [1] NCCL INFO AllReduce: opCount 32 sendbuff 0x4209de0000 recvbuff 0x4209de0000 count 6073443 datatype 7 op 0 root 0 comm 0x2aab48001c20 [nranks=4] stream 0x5555582cf680
cn4183:8929:9624 [1] NCCL INFO AllReduce: opCount 33 sendbuff 0x4202b20000 recvbuff 0x4202b20000 count 1077824 datatype 7 op 0 root 0 comm 0x2aab48001c20 [nranks=4] stream 0x5555582cf680
cn4185:53401:54110 [1] NCCL INFO AllReduce: opCount 32 sendbuff 0x4209de0000 recvbuff 0x4209de0000 count 6073443 datatype 7 op 0 root 0 comm 0x2aab48001c20 [nranks=4] stream 0x5555582cf540
cn4185:53401:54110 [1] NCCL INFO AllReduce: opCount 33 sendbuff 0x4202b20000 recvbuff 0x4202b20000 count 1077824 datatype 7 op 0 root 0 comm 0x2aab48001c20 [nranks=4] stream 0x5555582cf540
Epoch 0:   5%|▍         | 23/500 [02:44<56:45,  7.14s/it, loss=0.893, v_num=62, loss_step=0.705]Epoch 0:   5%|▍         | 23/500 [02:44<56:45,  7.14s/it, loss=0.645, v_num=62, loss_step=0.541]cn4183:8928:9620 [0] NCCL INFO AllReduce: opCount 34 sendbuff 0x4209520000 recvbuff 0x4209520000 count 6073443 datatype 7 op 0 root 0 comm 0x2aab4c001c20 [nranks=4] stream 0x5555582b94f0
cn4183:8928:9620 [0] NCCL INFO AllReduce: opCount 35 sendbuff 0x4202b20000 recvbuff 0x4202b20000 count 1077824 datatype 7 op 0 root 0 comm 0x2aab4c001c20 [nranks=4] stream 0x5555582b94f0
cn4185:53400:54106 [0] NCCL INFO AllReduce: opCount 34 sendbuff 0x4209520000 recvbuff 0x4209520000 count 6073443 datatype 7 op 0 root 0 comm 0x2aab48001c20 [nranks=4] stream 0x5555582cf2e0
cn4185:53400:54106 [0] NCCL INFO AllReduce: opCount 35 sendbuff 0x4202b20000 recvbuff 0x4202b20000 count 1077824 datatype 7 op 0 root 0 comm 0x2aab48001c20 [nranks=4] stream 0x5555582cf2e0
cn4183:8929:9624 [1] NCCL INFO AllReduce: opCount 34 sendbuff 0x4209de0000 recvbuff 0x4209de0000 count 6073443 datatype 7 op 0 root 0 comm 0x2aab48001c20 [nranks=4] stream 0x5555582cf680
cn4183:8929:9624 [1] NCCL INFO AllReduce: opCount 35 sendbuff 0x4202b20000 recvbuff 0x4202b20000 count 1077824 datatype 7 op 0 root 0 comm 0x2aab48001c20 [nranks=4] stream 0x5555582cf680
cn4185:53401:54110 [1] NCCL INFO AllReduce: opCount 34 sendbuff 0x4209de0000 recvbuff 0x4209de0000 count 6073443 datatype 7 op 0 root 0 comm 0x2aab48001c20 [nranks=4] stream 0x5555582cf540
cn4185:53401:54110 [1] NCCL INFO AllReduce: opCount 35 sendbuff 0x4202b20000 recvbuff 0x4202b20000 count 1077824 datatype 7 op 0 root 0 comm 0x2aab48001c20 [nranks=4] stream 0x5555582cf540
Epoch 0:   5%|▍         | 24/500 [02:51<56:35,  7.13s/it, loss=0.645, v_num=62, loss_step=0.541]Epoch 0:   5%|▍         | 24/500 [02:51<56:35,  7.13s/it, loss=0.644, v_num=62, loss_step=0.602]cn4183:8928:9620 [0] NCCL INFO AllReduce: opCount 36 sendbuff 0x4209520000 recvbuff 0x4209520000 count 6073443 datatype 7 op 0 root 0 comm 0x2aab4c001c20 [nranks=4] stream 0x5555582b94f0
cn4183:8928:9620 [0] NCCL INFO AllReduce: opCount 37 sendbuff 0x4202b20000 recvbuff 0x4202b20000 count 1077824 datatype 7 op 0 root 0 comm 0x2aab4c001c20 [nranks=4] stream 0x5555582b94f0
cn4185:53400:54106 [0] NCCL INFO AllReduce: opCount 36 sendbuff 0x4209520000 recvbuff 0x4209520000 count 6073443 datatype 7 op 0 root 0 comm 0x2aab48001c20 [nranks=4] stream 0x5555582cf2e0
