cn4183:8929:9624 [1] NCCL INFO AllReduce: opCount e7 sendbuff 0x4202b20000 recvbuff 0x4202b20000 count 1077824 datatype 7 op 0 root 0 comm 0x2aab48001c20 [nranks=4] stream 0x5555582cf680
cn4185:53401:54110 [1] NCCL INFO AllReduce: opCount e6 sendbuff 0x4209de0000 recvbuff 0x4209de0000 count 6073443 datatype 7 op 0 root 0 comm 0x2aab48001c20 [nranks=4] stream 0x5555582cf540
cn4185:53401:54110 [1] NCCL INFO AllReduce: opCount e7 sendbuff 0x4202b20000 recvbuff 0x4202b20000 count 1077824 datatype 7 op 0 root 0 comm 0x2aab48001c20 [nranks=4] stream 0x5555582cf540
Epoch 0:  23%|██▎       | 113/500 [13:13<45:18,  7.02s/it, loss=0.503, v_num=62, loss_step=0.488]Epoch 0:  23%|██▎       | 113/500 [13:13<45:18,  7.02s/it, loss=0.504, v_num=62, loss_step=0.54] cn4183:8928:9620 [0] NCCL INFO AllReduce: opCount e8 sendbuff 0x4209520000 recvbuff 0x4209520000 count 6073443 datatype 7 op 0 root 0 comm 0x2aab4c001c20 [nranks=4] stream 0x5555582b94f0
cn4183:8928:9620 [0] NCCL INFO AllReduce: opCount e9 sendbuff 0x4202b20000 recvbuff 0x4202b20000 count 1077824 datatype 7 op 0 root 0 comm 0x2aab4c001c20 [nranks=4] stream 0x5555582b94f0
cn4185:53400:54106 [0] NCCL INFO AllReduce: opCount e8 sendbuff 0x4209520000 recvbuff 0x4209520000 count 6073443 datatype 7 op 0 root 0 comm 0x2aab48001c20 [nranks=4] stream 0x5555582cf2e0
cn4185:53400:54106 [0] NCCL INFO AllReduce: opCount e9 sendbuff 0x4202b20000 recvbuff 0x4202b20000 count 1077824 datatype 7 op 0 root 0 comm 0x2aab48001c20 [nranks=4] stream 0x5555582cf2e0
cn4183:8929:9624 [1] NCCL INFO AllReduce: opCount e8 sendbuff 0x4209de0000 recvbuff 0x4209de0000 count 6073443 datatype 7 op 0 root 0 comm 0x2aab48001c20 [nranks=4] stream 0x5555582cf680
cn4183:8929:9624 [1] NCCL INFO AllReduce: opCount e9 sendbuff 0x4202b20000 recvbuff 0x4202b20000 count 1077824 datatype 7 op 0 root 0 comm 0x2aab48001c20 [nranks=4] stream 0x5555582cf680
cn4185:53401:54110 [1] NCCL INFO AllReduce: opCount e8 sendbuff 0x4209de0000 recvbuff 0x4209de0000 count 6073443 datatype 7 op 0 root 0 comm 0x2aab48001c20 [nranks=4] stream 0x5555582cf540
cn4185:53401:54110 [1] NCCL INFO AllReduce: opCount e9 sendbuff 0x4202b20000 recvbuff 0x4202b20000 count 1077824 datatype 7 op 0 root 0 comm 0x2aab48001c20 [nranks=4] stream 0x5555582cf540
Epoch 0:  23%|██▎       | 114/500 [13:20<45:10,  7.02s/it, loss=0.504, v_num=62, loss_step=0.54]Epoch 0:  23%|██▎       | 114/500 [13:20<45:10,  7.02s/it, loss=0.506, v_num=62, loss_step=0.488]cn4183:8928:9620 [0] NCCL INFO AllReduce: opCount ea sendbuff 0x4209520000 recvbuff 0x4209520000 count 6073443 datatype 7 op 0 root 0 comm 0x2aab4c001c20 [nranks=4] stream 0x5555582b94f0
cn4183:8928:9620 [0] NCCL INFO AllReduce: opCount eb sendbuff 0x4202b20000 recvbuff 0x4202b20000 count 1077824 datatype 7 op 0 root 0 comm 0x2aab4c001c20 [nranks=4] stream 0x5555582b94f0
cn4185:53400:54106 [0] NCCL INFO AllReduce: opCount ea sendbuff 0x4209520000 recvbuff 0x4209520000 count 6073443 datatype 7 op 0 root 0 comm 0x2aab48001c20 [nranks=4] stream 0x5555582cf2e0
cn4185:53400:54106 [0] NCCL INFO AllReduce: opCount eb sendbuff 0x4202b20000 recvbuff 0x4202b20000 count 1077824 datatype 7 op 0 root 0 comm 0x2aab48001c20 [nranks=4] stream 0x5555582cf2e0
cn4183:8929:9624 [1] NCCL INFO AllReduce: opCount ea sendbuff 0x4209de0000 recvbuff 0x4209de0000 count 6073443 datatype 7 op 0 root 0 comm 0x2aab48001c20 [nranks=4] stream 0x5555582cf680
cn4183:8929:9624 [1] NCCL INFO AllReduce: opCount eb sendbuff 0x4202b20000 recvbuff 0x4202b20000 count 1077824 datatype 7 op 0 root 0 comm 0x2aab48001c20 [nranks=4] stream 0x5555582cf680
cn4185:53401:54110 [1] NCCL INFO AllReduce: opCount ea sendbuff 0x4209de0000 recvbuff 0x4209de0000 count 6073443 datatype 7 op 0 root 0 comm 0x2aab48001c20 [nranks=4] stream 0x5555582cf540
cn4185:53401:54110 [1] NCCL INFO AllReduce: opCount eb sendbuff 0x4202b20000 recvbuff 0x4202b20000 count 1077824 datatype 7 op 0 root 0 comm 0x2aab48001c20 [nranks=4] stream 0x5555582cf540
Epoch 0:  23%|██▎       | 115/500 [13:27<45:03,  7.02s/it, loss=0.506, v_num=62, loss_step=0.488]Epoch 0:  23%|██▎       | 115/500 [13:27<45:03,  7.02s/it, loss=0.507, v_num=62, loss_step=0.583]cn4183:8928:9620 [0] NCCL INFO AllReduce: opCount ec sendbuff 0x4209520000 recvbuff 0x4209520000 count 6073443 datatype 7 op 0 root 0 comm 0x2aab4c001c20 [nranks=4] stream 0x5555582b94f0
cn4183:8928:9620 [0] NCCL INFO AllReduce: opCount ed sendbuff 0x4202b20000 recvbuff 0x4202b20000 count 1077824 datatype 7 op 0 root 0 comm 0x2aab4c001c20 [nranks=4] stream 0x5555582b94f0
cn4185:53400:54106 [0] NCCL INFO AllReduce: opCount ec sendbuff 0x4209520000 recvbuff 0x4209520000 count 6073443 datatype 7 op 0 root 0 comm 0x2aab48001c20 [nranks=4] stream 0x5555582cf2e0
cn4185:53400:54106 [0] NCCL INFO AllReduce: opCount ed sendbuff 0x4202b20000 recvbuff 0x4202b20000 count 1077824 datatype 7 op 0 root 0 comm 0x2aab48001c20 [nranks=4] stream 0x5555582cf2e0
cn4183:8929:9624 [1] NCCL INFO AllReduce: opCount ec sendbuff 0x4209de0000 recvbuff 0x4209de0000 count 6073443 datatype 7 op 0 root 0 comm 0x2aab48001c20 [nranks=4] stream 0x5555582cf680
cn4183:8929:9624 [1] NCCL INFO AllReduce: opCount ed sendbuff 0x4202b20000 recvbuff 0x4202b20000 count 1077824 datatype 7 op 0 root 0 comm 0x2aab48001c20 [nranks=4] stream 0x5555582cf680
cn4185:53401:54110 [1] NCCL INFO AllReduce: opCount ec sendbuff 0x4209de0000 recvbuff 0x4209de0000 count 6073443 datatype 7 op 0 root 0 comm 0x2aab48001c20 [nranks=4] stream 0x5555582cf540
cn4185:53401:54110 [1] NCCL INFO AllReduce: opCount ed sendbuff 0x4202b20000 recvbuff 0x4202b20000 count 1077824 datatype 7 op 0 root 0 comm 0x2aab48001c20 [nranks=4] stream 0x5555582cf540
Epoch 0:  23%|██▎       | 116/500 [13:34<44:56,  7.02s/it, loss=0.507, v_num=62, loss_step=0.583]Epoch 0:  23%|██▎       | 116/500 [13:34<44:56,  7.02s/it, loss=0.506, v_num=62, loss_step=0.456]cn4183:8928:9620 [0] NCCL INFO AllReduce: opCount ee sendbuff 0x4209520000 recvbuff 0x4209520000 count 6073443 datatype 7 op 0 root 0 comm 0x2aab4c001c20 [nranks=4] stream 0x5555582b94f0
cn4183:8928:9620 [0] NCCL INFO AllReduce: opCount ef sendbuff 0x4202b20000 recvbuff 0x4202b20000 count 1077824 datatype 7 op 0 root 0 comm 0x2aab4c001c20 [nranks=4] stream 0x5555582b94f0
cn4185:53400:54106 [0] NCCL INFO AllReduce: opCount ee sendbuff 0x4209520000 recvbuff 0x4209520000 count 6073443 datatype 7 op 0 root 0 comm 0x2aab48001c20 [nranks=4] stream 0x5555582cf2e0
cn4185:53400:54106 [0] NCCL INFO AllReduce: opCount ef sendbuff 0x4202b20000 recvbuff 0x4202b20000 count 1077824 datatype 7 op 0 root 0 comm 0x2aab48001c20 [nranks=4] stream 0x5555582cf2e0
cn4183:8929:9624 [1] NCCL INFO AllReduce: opCount ee sendbuff 0x4209de0000 recvbuff 0x4209de0000 count 6073443 datatype 7 op 0 root 0 comm 0x2aab48001c20 [nranks=4] stream 0x5555582cf680
cn4183:8929:9624 [1] NCCL INFO AllReduce: opCount ef sendbuff 0x4202b20000 recvbuff 0x4202b20000 count 1077824 datatype 7 op 0 root 0 comm 0x2aab48001c20 [nranks=4] stream 0x5555582cf680
cn4185:53401:54110 [1] NCCL INFO AllReduce: opCount ee sendbuff 0x4209de0000 recvbuff 0x4209de0000 count 6073443 datatype 7 op 0 root 0 comm 0x2aab48001c20 [nranks=4] stream 0x5555582cf540
cn4185:53401:54110 [1] NCCL INFO AllReduce: opCount ef sendbuff 0x4202b20000 recvbuff 0x4202b20000 count 1077824 datatype 7 op 0 root 0 comm 0x2aab48001c20 [nranks=4] stream 0x5555582cf540
Epoch 0:  23%|██▎       | 117/500 [13:41<44:49,  7.02s/it, loss=0.506, v_num=62, loss_step=0.456]Epoch 0:  23%|██▎       | 117/500 [13:41<44:49,  7.02s/it, loss=0.506, v_num=62, loss_step=0.428]cn4183:8928:9620 [0] NCCL INFO AllReduce: opCount f0 sendbuff 0x4209520000 recvbuff 0x4209520000 count 6073443 datatype 7 op 0 root 0 comm 0x2aab4c001c20 [nranks=4] stream 0x5555582b94f0
cn4183:8928:9620 [0] NCCL INFO AllReduce: opCount f1 sendbuff 0x4202b20000 recvbuff 0x4202b20000 count 1077824 datatype 7 op 0 root 0 comm 0x2aab4c001c20 [nranks=4] stream 0x5555582b94f0
cn4185:53400:54106 [0] NCCL INFO AllReduce: opCount f0 sendbuff 0x4209520000 recvbuff 0x4209520000 count 6073443 datatype 7 op 0 root 0 comm 0x2aab48001c20 [nranks=4] stream 0x5555582cf2e0
cn4185:53400:54106 [0] NCCL INFO AllReduce: opCount f1 sendbuff 0x4202b20000 recvbuff 0x4202b20000 count 1077824 datatype 7 op 0 root 0 comm 0x2aab48001c20 [nranks=4] stream 0x5555582cf2e0
cn4183:8929:9624 [1] NCCL INFO AllReduce: opCount f0 sendbuff 0x4209de0000 recvbuff 0x4209de0000 count 6073443 datatype 7 op 0 root 0 comm 0x2aab48001c20 [nranks=4] stream 0x5555582cf680
cn4183:8929:9624 [1] NCCL INFO AllReduce: opCount f1 sendbuff 0x4202b20000 recvbuff 0x4202b20000 count 1077824 datatype 7 op 0 root 0 comm 0x2aab48001c20 [nranks=4] stream 0x5555582cf680
cn4185:53401:54110 [1] NCCL INFO AllReduce: opCount f0 sendbuff 0x4209de0000 recvbuff 0x4209de0000 count 6073443 datatype 7 op 0 root 0 comm 0x2aab48001c20 [nranks=4] stream 0x5555582cf540
cn4185:53401:54110 [1] NCCL INFO AllReduce: opCount f1 sendbuff 0x4202b20000 recvbuff 0x4202b20000 count 1077824 datatype 7 op 0 root 0 comm 0x2aab48001c20 [nranks=4] stream 0x5555582cf540
Epoch 0:  24%|██▎       | 118/500 [13:48<44:42,  7.02s/it, loss=0.506, v_num=62, loss_step=0.428]Epoch 0:  24%|██▎       | 118/500 [13:48<44:42,  7.02s/it, loss=0.495, v_num=62, loss_step=0.491]cn4183:8928:9620 [0] NCCL INFO AllReduce: opCount f2 sendbuff 0x4209520000 recvbuff 0x4209520000 count 6073443 datatype 7 op 0 root 0 comm 0x2aab4c001c20 [nranks=4] stream 0x5555582b94f0
cn4183:8928:9620 [0] NCCL INFO AllReduce: opCount f3 sendbuff 0x4202b20000 recvbuff 0x4202b20000 count 1077824 datatype 7 op 0 root 0 comm 0x2aab4c001c20 [nranks=4] stream 0x5555582b94f0
cn4185:53400:54106 [0] NCCL INFO AllReduce: opCount f2 sendbuff 0x4209520000 recvbuff 0x4209520000 count 6073443 datatype 7 op 0 root 0 comm 0x2aab48001c20 [nranks=4] stream 0x5555582cf2e0
cn4185:53400:54106 [0] NCCL INFO AllReduce: opCount f3 sendbuff 0x4202b20000 recvbuff 0x4202b20000 count 1077824 datatype 7 op 0 root 0 comm 0x2aab48001c20 [nranks=4] stream 0x5555582cf2e0
cn4183:8929:9624 [1] NCCL INFO AllReduce: opCount f2 sendbuff 0x4209de0000 recvbuff 0x4209de0000 count 6073443 datatype 7 op 0 root 0 comm 0x2aab48001c20 [nranks=4] stream 0x5555582cf680
cn4183:8929:9624 [1] NCCL INFO AllReduce: opCount f3 sendbuff 0x4202b20000 recvbuff 0x4202b20000 count 1077824 datatype 7 op 0 root 0 comm 0x2aab48001c20 [nranks=4] stream 0x5555582cf680
cn4185:53401:54110 [1] NCCL INFO AllReduce: opCount f2 sendbuff 0x4209de0000 recvbuff 0x4209de0000 count 6073443 datatype 7 op 0 root 0 comm 0x2aab48001c20 [nranks=4] stream 0x5555582cf540
cn4185:53401:54110 [1] NCCL INFO AllReduce: opCount f3 sendbuff 0x4202b20000 recvbuff 0x4202b20000 count 1077824 datatype 7 op 0 root 0 comm 0x2aab48001c20 [nranks=4] stream 0x5555582cf540
Epoch 0:  24%|██▍       | 119/500 [13:55<44:35,  7.02s/it, loss=0.495, v_num=62, loss_step=0.491]Epoch 0:  24%|██▍       | 119/500 [13:55<44:35,  7.02s/it, loss=0.49, v_num=62, loss_step=0.359] cn4183:8928:9620 [0] NCCL INFO AllReduce: opCount f4 sendbuff 0x4209520000 recvbuff 0x4209520000 count 6073443 datatype 7 op 0 root 0 comm 0x2aab4c001c20 [nranks=4] stream 0x5555582b94f0
cn4183:8928:9620 [0] NCCL INFO AllReduce: opCount f5 sendbuff 0x4202b20000 recvbuff 0x4202b20000 count 1077824 datatype 7 op 0 root 0 comm 0x2aab4c001c20 [nranks=4] stream 0x5555582b94f0
cn4185:53400:54106 [0] NCCL INFO AllReduce: opCount f4 sendbuff 0x4209520000 recvbuff 0x4209520000 count 6073443 datatype 7 op 0 root 0 comm 0x2aab48001c20 [nranks=4] stream 0x5555582cf2e0
cn4185:53400:54106 [0] NCCL INFO AllReduce: opCount f5 sendbuff 0x4202b20000 recvbuff 0x4202b20000 count 1077824 datatype 7 op 0 root 0 comm 0x2aab48001c20 [nranks=4] stream 0x5555582cf2e0
cn4183:8929:9624 [1] NCCL INFO AllReduce: opCount f4 sendbuff 0x4209de0000 recvbuff 0x4209de0000 count 6073443 datatype 7 op 0 root 0 comm 0x2aab48001c20 [nranks=4] stream 0x5555582cf680
cn4183:8929:9624 [1] NCCL INFO AllReduce: opCount f5 sendbuff 0x4202b20000 recvbuff 0x4202b20000 count 1077824 datatype 7 op 0 root 0 comm 0x2aab48001c20 [nranks=4] stream 0x5555582cf680
cn4185:53401:54110 [1] NCCL INFO AllReduce: opCount f4 sendbuff 0x4209de0000 recvbuff 0x4209de0000 count 6073443 datatype 7 op 0 root 0 comm 0x2aab48001c20 [nranks=4] stream 0x5555582cf540
cn4185:53401:54110 [1] NCCL INFO AllReduce: opCount f5 sendbuff 0x4202b20000 recvbuff 0x4202b20000 count 1077824 datatype 7 op 0 root 0 comm 0x2aab48001c20 [nranks=4] stream 0x5555582cf540
Epoch 0:  24%|██▍       | 120/500 [14:02<44:28,  7.02s/it, loss=0.49, v_num=62, loss_step=0.359]Epoch 0:  24%|██▍       | 120/500 [14:02<44:28,  7.02s/it, loss=0.491, v_num=62, loss_step=0.383]cn4183:8928:9620 [0] NCCL INFO AllReduce: opCount f6 sendbuff 0x4209520000 recvbuff 0x4209520000 count 6073443 datatype 7 op 0 root 0 comm 0x2aab4c001c20 [nranks=4] stream 0x5555582b94f0
cn4183:8928:9620 [0] NCCL INFO AllReduce: opCount f7 sendbuff 0x4202b20000 recvbuff 0x4202b20000 count 1077824 datatype 7 op 0 root 0 comm 0x2aab4c001c20 [nranks=4] stream 0x5555582b94f0
cn4185:53400:54106 [0] NCCL INFO AllReduce: opCount f6 sendbuff 0x4209520000 recvbuff 0x4209520000 count 6073443 datatype 7 op 0 root 0 comm 0x2aab48001c20 [nranks=4] stream 0x5555582cf2e0
cn4185:53400:54106 [0] NCCL INFO AllReduce: opCount f7 sendbuff 0x4202b20000 recvbuff 0x4202b20000 count 1077824 datatype 7 op 0 root 0 comm 0x2aab48001c20 [nranks=4] stream 0x5555582cf2e0
cn4183:8929:9624 [1] NCCL INFO AllReduce: opCount f6 sendbuff 0x4209de0000 recvbuff 0x4209de0000 count 6073443 datatype 7 op 0 root 0 comm 0x2aab48001c20 [nranks=4] stream 0x5555582cf680
cn4183:8929:9624 [1] NCCL INFO AllReduce: opCount f7 sendbuff 0x4202b20000 recvbuff 0x4202b20000 count 1077824 datatype 7 op 0 root 0 comm 0x2aab48001c20 [nranks=4] stream 0x5555582cf680
cn4185:53401:54110 [1] NCCL INFO AllReduce: opCount f6 sendbuff 0x4209de0000 recvbuff 0x4209de0000 count 6073443 datatype 7 op 0 root 0 comm 0x2aab48001c20 [nranks=4] stream 0x5555582cf540
cn4185:53401:54110 [1] NCCL INFO AllReduce: opCount f7 sendbuff 0x4202b20000 recvbuff 0x4202b20000 count 1077824 datatype 7 op 0 root 0 comm 0x2aab48001c20 [nranks=4] stream 0x5555582cf540
Epoch 0:  24%|██▍       | 121/500 [14:09<44:21,  7.02s/it, loss=0.491, v_num=62, loss_step=0.383]Epoch 0:  24%|██▍       | 121/500 [14:09<44:21,  7.02s/it, loss=0.488, v_num=62, loss_step=0.495]cn4183:8928:9620 [0] NCCL INFO AllReduce: opCount f8 sendbuff 0x4209520000 recvbuff 0x4209520000 count 6073443 datatype 7 op 0 root 0 comm 0x2aab4c001c20 [nranks=4] stream 0x5555582b94f0
cn4183:8928:9620 [0] NCCL INFO AllReduce: opCount f9 sendbuff 0x4202b20000 recvbuff 0x4202b20000 count 1077824 datatype 7 op 0 root 0 comm 0x2aab4c001c20 [nranks=4] stream 0x5555582b94f0
cn4185:53400:54106 [0] NCCL INFO AllReduce: opCount f8 sendbuff 0x4209520000 recvbuff 0x4209520000 count 6073443 datatype 7 op 0 root 0 comm 0x2aab48001c20 [nranks=4] stream 0x5555582cf2e0
cn4185:53400:54106 [0] NCCL INFO AllReduce: opCount f9 sendbuff 0x4202b20000 recvbuff 0x4202b20000 count 1077824 datatype 7 op 0 root 0 comm 0x2aab48001c20 [nranks=4] stream 0x5555582cf2e0
cn4183:8929:9624 [1] NCCL INFO AllReduce: opCount f8 sendbuff 0x4209de0000 recvbuff 0x4209de0000 count 6073443 datatype 7 op 0 root 0 comm 0x2aab48001c20 [nranks=4] stream 0x5555582cf680
cn4183:8929:9624 [1] NCCL INFO AllReduce: opCount f9 sendbuff 0x4202b20000 recvbuff 0x4202b20000 count 1077824 datatype 7 op 0 root 0 comm 0x2aab48001c20 [nranks=4] stream 0x5555582cf680
cn4185:53401:54110 [1] NCCL INFO AllReduce: opCount f8 sendbuff 0x4209de0000 recvbuff 0x4209de0000 count 6073443 datatype 7 op 0 root 0 comm 0x2aab48001c20 [nranks=4] stream 0x5555582cf540
cn4185:53401:54110 [1] NCCL INFO AllReduce: opCount f9 sendbuff 0x4202b20000 recvbuff 0x4202b20000 count 1077824 datatype 7 op 0 root 0 comm 0x2aab48001c20 [nranks=4] stream 0x5555582cf540
Epoch 0:  24%|██▍       | 122/500 [14:16<44:14,  7.02s/it, loss=0.488, v_num=62, loss_step=0.495]Epoch 0:  24%|██▍       | 122/500 [14:16<44:14,  7.02s/it, loss=0.488, v_num=62, loss_step=0.443]cn4183:8928:9620 [0] NCCL INFO AllReduce: opCount fa sendbuff 0x4209520000 recvbuff 0x4209520000 count 6073443 datatype 7 op 0 root 0 comm 0x2aab4c001c20 [nranks=4] stream 0x5555582b94f0
cn4183:8928:9620 [0] NCCL INFO AllReduce: opCount fb sendbuff 0x4202b20000 recvbuff 0x4202b20000 count 1077824 datatype 7 op 0 root 0 comm 0x2aab4c001c20 [nranks=4] stream 0x5555582b94f0
cn4185:53400:54106 [0] NCCL INFO AllReduce: opCount fa sendbuff 0x4209520000 recvbuff 0x4209520000 count 6073443 datatype 7 op 0 root 0 comm 0x2aab48001c20 [nranks=4] stream 0x5555582cf2e0
cn4185:53400:54106 [0] NCCL INFO AllReduce: opCount fb sendbuff 0x4202b20000 recvbuff 0x4202b20000 count 1077824 datatype 7 op 0 root 0 comm 0x2aab48001c20 [nranks=4] stream 0x5555582cf2e0
cn4183:8929:9624 [1] NCCL INFO AllReduce: opCount fa sendbuff 0x4209de0000 recvbuff 0x4209de0000 count 6073443 datatype 7 op 0 root 0 comm 0x2aab48001c20 [nranks=4] stream 0x5555582cf680
cn4183:8929:9624 [1] NCCL INFO AllReduce: opCount fb sendbuff 0x4202b20000 recvbuff 0x4202b20000 count 1077824 datatype 7 op 0 root 0 comm 0x2aab48001c20 [nranks=4] stream 0x5555582cf680
cn4185:53401:54110 [1] NCCL INFO AllReduce: opCount fa sendbuff 0x4209de0000 recvbuff 0x4209de0000 count 6073443 datatype 7 op 0 root 0 comm 0x2aab48001c20 [nranks=4] stream 0x5555582cf540
cn4185:53401:54110 [1] NCCL INFO AllReduce: opCount fb sendbuff 0x4202b20000 recvbuff 0x4202b20000 count 1077824 datatype 7 op 0 root 0 comm 0x2aab48001c20 [nranks=4] stream 0x5555582cf540
Epoch 0:  25%|██▍       | 123/500 [14:23<44:07,  7.02s/it, loss=0.488, v_num=62, loss_step=0.443]Epoch 0:  25%|██▍       | 123/500 [14:23<44:07,  7.02s/it, loss=0.492, v_num=62, loss_step=0.484]cn4183:8928:9620 [0] NCCL INFO AllReduce: opCount fc sendbuff 0x4209520000 recvbuff 0x4209520000 count 6073443 datatype 7 op 0 root 0 comm 0x2aab4c001c20 [nranks=4] stream 0x5555582b94f0
cn4183:8928:9620 [0] NCCL INFO AllReduce: opCount fd sendbuff 0x4202b20000 recvbuff 0x4202b20000 count 1077824 datatype 7 op 0 root 0 comm 0x2aab4c001c20 [nranks=4] stream 0x5555582b94f0
cn4185:53400:54106 [0] NCCL INFO AllReduce: opCount fc sendbuff 0x4209520000 recvbuff 0x4209520000 count 6073443 datatype 7 op 0 root 0 comm 0x2aab48001c20 [nranks=4] stream 0x5555582cf2e0
cn4185:53400:54106 [0] NCCL INFO AllReduce: opCount fd sendbuff 0x4202b20000 recvbuff 0x4202b20000 count 1077824 datatype 7 op 0 root 0 comm 0x2aab48001c20 [nranks=4] stream 0x5555582cf2e0
cn4183:8929:9624 [1] NCCL INFO AllReduce: opCount fc sendbuff 0x4209de0000 recvbuff 0x4209de0000 count 6073443 datatype 7 op 0 root 0 comm 0x2aab48001c20 [nranks=4] stream 0x5555582cf680
cn4183:8929:9624 [1] NCCL INFO AllReduce: opCount fd sendbuff 0x4202b20000 recvbuff 0x4202b20000 count 1077824 datatype 7 op 0 root 0 comm 0x2aab48001c20 [nranks=4] stream 0x5555582cf680
cn4185:53401:54110 [1] NCCL INFO AllReduce: opCount fc sendbuff 0x4209de0000 recvbuff 0x4209de0000 count 6073443 datatype 7 op 0 root 0 comm 0x2aab48001c20 [nranks=4] stream 0x5555582cf540
cn4185:53401:54110 [1] NCCL INFO AllReduce: opCount fd sendbuff 0x4202b20000 recvbuff 0x4202b20000 count 1077824 datatype 7 op 0 root 0 comm 0x2aab48001c20 [nranks=4] stream 0x5555582cf540
Epoch 0:  25%|██▍       | 124/500 [14:30<43:59,  7.02s/it, loss=0.492, v_num=62, loss_step=0.484]Epoch 0:  25%|██▍       | 124/500 [14:30<43:59,  7.02s/it, loss=0.491, v_num=62, loss_step=0.567]cn4183:8928:9620 [0] NCCL INFO AllReduce: opCount fe sendbuff 0x4209520000 recvbuff 0x4209520000 count 6073443 datatype 7 op 0 root 0 comm 0x2aab4c001c20 [nranks=4] stream 0x5555582b94f0
cn4183:8928:9620 [0] NCCL INFO AllReduce: opCount ff sendbuff 0x4202b20000 recvbuff 0x4202b20000 count 1077824 datatype 7 op 0 root 0 comm 0x2aab4c001c20 [nranks=4] stream 0x5555582b94f0
cn4185:53400:54106 [0] NCCL INFO AllReduce: opCount fe sendbuff 0x4209520000 recvbuff 0x4209520000 count 6073443 datatype 7 op 0 root 0 comm 0x2aab48001c20 [nranks=4] stream 0x5555582cf2e0
cn4185:53400:54106 [0] NCCL INFO AllReduce: opCount ff sendbuff 0x4202b20000 recvbuff 0x4202b20000 count 1077824 datatype 7 op 0 root 0 comm 0x2aab48001c20 [nranks=4] stream 0x5555582cf2e0
cn4183:8929:9624 [1] NCCL INFO AllReduce: opCount fe sendbuff 0x4209de0000 recvbuff 0x4209de0000 count 6073443 datatype 7 op 0 root 0 comm 0x2aab48001c20 [nranks=4] stream 0x5555582cf680
cn4183:8929:9624 [1] NCCL INFO AllReduce: opCount ff sendbuff 0x4202b20000 recvbuff 0x4202b20000 count 1077824 datatype 7 op 0 root 0 comm 0x2aab48001c20 [nranks=4] stream 0x5555582cf680
cn4185:53401:54110 [1] NCCL INFO AllReduce: opCount fe sendbuff 0x4209de0000 recvbuff 0x4209de0000 count 6073443 datatype 7 op 0 root 0 comm 0x2aab48001c20 [nranks=4] stream 0x5555582cf540
cn4185:53401:54110 [1] NCCL INFO AllReduce: opCount ff sendbuff 0x4202b20000 recvbuff 0x4202b20000 count 1077824 datatype 7 op 0 root 0 comm 0x2aab48001c20 [nranks=4] stream 0x5555582cf540
Epoch 0:  25%|██▌       | 125/500 [14:37<43:52,  7.02s/it, loss=0.491, v_num=62, loss_step=0.567]Epoch 0:  25%|██▌       | 125/500 [14:37<43:52,  7.02s/it, loss=0.489, v_num=62, loss_step=0.517]cn4183:8928:9620 [0] NCCL INFO AllReduce: opCount 100 sendbuff 0x4209520000 recvbuff 0x4209520000 count 6073443 datatype 7 op 0 root 0 comm 0x2aab4c001c20 [nranks=4] stream 0x5555582b94f0
cn4183:8928:9620 [0] NCCL INFO AllReduce: opCount 101 sendbuff 0x4202b20000 recvbuff 0x4202b20000 count 1077824 datatype 7 op 0 root 0 comm 0x2aab4c001c20 [nranks=4] stream 0x5555582b94f0
cn4185:53400:54106 [0] NCCL INFO AllReduce: opCount 100 sendbuff 0x4209520000 recvbuff 0x4209520000 count 6073443 datatype 7 op 0 root 0 comm 0x2aab48001c20 [nranks=4] stream 0x5555582cf2e0
cn4185:53400:54106 [0] NCCL INFO AllReduce: opCount 101 sendbuff 0x4202b20000 recvbuff 0x4202b20000 count 1077824 datatype 7 op 0 root 0 comm 0x2aab48001c20 [nranks=4] stream 0x5555582cf2e0
cn4183:8929:9624 [1] NCCL INFO AllReduce: opCount 100 sendbuff 0x4209de0000 recvbuff 0x4209de0000 count 6073443 datatype 7 op 0 root 0 comm 0x2aab48001c20 [nranks=4] stream 0x5555582cf680
cn4183:8929:9624 [1] NCCL INFO AllReduce: opCount 101 sendbuff 0x4202b20000 recvbuff 0x4202b20000 count 1077824 datatype 7 op 0 root 0 comm 0x2aab48001c20 [nranks=4] stream 0x5555582cf680
cn4185:53401:54110 [1] NCCL INFO AllReduce: opCount 100 sendbuff 0x4209de0000 recvbuff 0x4209de0000 count 6073443 datatype 7 op 0 root 0 comm 0x2aab48001c20 [nranks=4] stream 0x5555582cf540
cn4185:53401:54110 [1] NCCL INFO AllReduce: opCount 101 sendbuff 0x4202b20000 recvbuff 0x4202b20000 count 1077824 datatype 7 op 0 root 0 comm 0x2aab48001c20 [nranks=4] stream 0x5555582cf540
Epoch 0:  25%|██▌       | 126/500 [14:44<43:45,  7.02s/it, loss=0.489, v_num=62, loss_step=0.517]Epoch 0:  25%|██▌       | 126/500 [14:44<43:45,  7.02s/it, loss=0.484, v_num=62, loss_step=0.547]cn4183:8928:9620 [0] NCCL INFO AllReduce: opCount 102 sendbuff 0x4209520000 recvbuff 0x4209520000 count 6073443 datatype 7 op 0 root 0 comm 0x2aab4c001c20 [nranks=4] stream 0x5555582b94f0
cn4183:8928:9620 [0] NCCL INFO AllReduce: opCount 103 sendbuff 0x4202b20000 recvbuff 0x4202b20000 count 1077824 datatype 7 op 0 root 0 comm 0x2aab4c001c20 [nranks=4] stream 0x5555582b94f0
cn4185:53400:54106 [0] NCCL INFO AllReduce: opCount 102 sendbuff 0x4209520000 recvbuff 0x4209520000 count 6073443 datatype 7 op 0 root 0 comm 0x2aab48001c20 [nranks=4] stream 0x5555582cf2e0
cn4185:53400:54106 [0] NCCL INFO AllReduce: opCount 103 sendbuff 0x4202b20000 recvbuff 0x4202b20000 count 1077824 datatype 7 op 0 root 0 comm 0x2aab48001c20 [nranks=4] stream 0x5555582cf2e0
cn4183:8929:9624 [1] NCCL INFO AllReduce: opCount 102 sendbuff 0x4209de0000 recvbuff 0x4209de0000 count 6073443 datatype 7 op 0 root 0 comm 0x2aab48001c20 [nranks=4] stream 0x5555582cf680
cn4183:8929:9624 [1] NCCL INFO AllReduce: opCount 103 sendbuff 0x4202b20000 recvbuff 0x4202b20000 count 1077824 datatype 7 op 0 root 0 comm 0x2aab48001c20 [nranks=4] stream 0x5555582cf680
cn4185:53401:54110 [1] NCCL INFO AllReduce: opCount 102 sendbuff 0x4209de0000 recvbuff 0x4209de0000 count 6073443 datatype 7 op 0 root 0 comm 0x2aab48001c20 [nranks=4] stream 0x5555582cf540
cn4185:53401:54110 [1] NCCL INFO AllReduce: opCount 103 sendbuff 0x4202b20000 recvbuff 0x4202b20000 count 1077824 datatype 7 op 0 root 0 comm 0x2aab48001c20 [nranks=4] stream 0x5555582cf540
Epoch 0:  25%|██▌       | 127/500 [14:51<43:38,  7.02s/it, loss=0.484, v_num=62, loss_step=0.547]Epoch 0:  25%|██▌       | 127/500 [14:51<43:38,  7.02s/it, loss=0.488, v_num=62, loss_step=0.519]cn4183:8928:9620 [0] NCCL INFO AllReduce: opCount 104 sendbuff 0x4209520000 recvbuff 0x4209520000 count 6073443 datatype 7 op 0 root 0 comm 0x2aab4c001c20 [nranks=4] stream 0x5555582b94f0
cn4183:8928:9620 [0] NCCL INFO AllReduce: opCount 105 sendbuff 0x4202b20000 recvbuff 0x4202b20000 count 1077824 datatype 7 op 0 root 0 comm 0x2aab4c001c20 [nranks=4] stream 0x5555582b94f0
cn4185:53400:54106 [0] NCCL INFO AllReduce: opCount 104 sendbuff 0x4209520000 recvbuff 0x4209520000 count 6073443 datatype 7 op 0 root 0 comm 0x2aab48001c20 [nranks=4] stream 0x5555582cf2e0
cn4185:53400:54106 [0] NCCL INFO AllReduce: opCount 105 sendbuff 0x4202b20000 recvbuff 0x4202b20000 count 1077824 datatype 7 op 0 root 0 comm 0x2aab48001c20 [nranks=4] stream 0x5555582cf2e0
cn4183:8929:9624 [1] NCCL INFO AllReduce: opCount 104 sendbuff 0x4209de0000 recvbuff 0x4209de0000 count 6073443 datatype 7 op 0 root 0 comm 0x2aab48001c20 [nranks=4] stream 0x5555582cf680
cn4183:8929:9624 [1] NCCL INFO AllReduce: opCount 105 sendbuff 0x4202b20000 recvbuff 0x4202b20000 count 1077824 datatype 7 op 0 root 0 comm 0x2aab48001c20 [nranks=4] stream 0x5555582cf680
cn4185:53401:54110 [1] NCCL INFO AllReduce: opCount 104 sendbuff 0x4209de0000 recvbuff 0x4209de0000 count 6073443 datatype 7 op 0 root 0 comm 0x2aab48001c20 [nranks=4] stream 0x5555582cf540
cn4185:53401:54110 [1] NCCL INFO AllReduce: opCount 105 sendbuff 0x4202b20000 recvbuff 0x4202b20000 count 1077824 datatype 7 op 0 root 0 comm 0x2aab48001c20 [nranks=4] stream 0x5555582cf540
Epoch 0:  26%|██▌       | 128/500 [14:58<43:31,  7.02s/it, loss=0.488, v_num=62, loss_step=0.519]Epoch 0:  26%|██▌       | 128/500 [14:58<43:31,  7.02s/it, loss=0.483, v_num=62, loss_step=0.493]cn4183:8928:9620 [0] NCCL INFO AllReduce: opCount 106 sendbuff 0x4209520000 recvbuff 0x4209520000 count 6073443 datatype 7 op 0 root 0 comm 0x2aab4c001c20 [nranks=4] stream 0x5555582b94f0
cn4183:8928:9620 [0] NCCL INFO AllReduce: opCount 107 sendbuff 0x4202b20000 recvbuff 0x4202b20000 count 1077824 datatype 7 op 0 root 0 comm 0x2aab4c001c20 [nranks=4] stream 0x5555582b94f0
cn4185:53400:54106 [0] NCCL INFO AllReduce: opCount 106 sendbuff 0x4209520000 recvbuff 0x4209520000 count 6073443 datatype 7 op 0 root 0 comm 0x2aab48001c20 [nranks=4] stream 0x5555582cf2e0
cn4185:53400:54106 [0] NCCL INFO AllReduce: opCount 107 sendbuff 0x4202b20000 recvbuff 0x4202b20000 count 1077824 datatype 7 op 0 root 0 comm 0x2aab48001c20 [nranks=4] stream 0x5555582cf2e0
cn4183:8929:9624 [1] NCCL INFO AllReduce: opCount 106 sendbuff 0x4209de0000 recvbuff 0x4209de0000 count 6073443 datatype 7 op 0 root 0 comm 0x2aab48001c20 [nranks=4] stream 0x5555582cf680
cn4183:8929:9624 [1] NCCL INFO AllReduce: opCount 107 sendbuff 0x4202b20000 recvbuff 0x4202b20000 count 1077824 datatype 7 op 0 root 0 comm 0x2aab48001c20 [nranks=4] stream 0x5555582cf680
cn4185:53401:54110 [1] NCCL INFO AllReduce: opCount 106 sendbuff 0x4209de0000 recvbuff 0x4209de0000 count 6073443 datatype 7 op 0 root 0 comm 0x2aab48001c20 [nranks=4] stream 0x5555582cf540
cn4185:53401:54110 [1] NCCL INFO AllReduce: opCount 107 sendbuff 0x4202b20000 recvbuff 0x4202b20000 count 1077824 datatype 7 op 0 root 0 comm 0x2aab48001c20 [nranks=4] stream 0x5555582cf540
